 canvas

 Timestamp is 5b448e7a (Tue Jul 10 13:46:18 2018)

 Preferred load address is 10000000

 Start         Length     Name                   Class
 0001:00000000 00000190H .text$di                CODE
 0001:00000190 0002d6b0H .text$mn                CODE
 0001:0002d840 00000a60H .text$x                 CODE
 0001:0002e2a0 00000273H .text$yd                CODE
 0002:00000000 00000480H .idata$5                DATA
 0002:00000480 00000004H .00cfg                  DATA
 0002:00000484 00000004H .CRT$XCA                DATA
 0002:00000488 0000000cH .CRT$XCC                DATA
 0002:00000494 00000008H .CRT$XCL                DATA
 0002:0000049c 0000002cH .CRT$XCU                DATA
 0002:000004c8 00000004H .CRT$XCZ                DATA
 0002:000004cc 00000004H .CRT$XIA                DATA
 0002:000004d0 00000018H .CRT$XIC                DATA
 0002:000004e8 00000004H .CRT$XIZ                DATA
 0002:000004ec 00000004H .CRT$XLA                DATA
 0002:000004f0 00000004H .CRT$XLZ                DATA
 0002:000004f4 00000004H .CRT$XPA                DATA
 0002:000004f8 00000008H .CRT$XPX                DATA
 0002:00000500 00000004H .CRT$XPXA               DATA
 0002:00000504 00000004H .CRT$XPZ                DATA
 0002:00000508 00000004H .CRT$XTA                DATA
 0002:0000050c 00000004H .CRT$XTZ                DATA
 0002:00000510 00010534H .rdata                  DATA
 0002:00010a44 00000018H .rdata$T                DATA
 0002:00010a5c 00000264H .rdata$r                DATA
 0002:00010cc0 000000e8H .rdata$sxdata           DATA
 0002:00010da8 00000480H .rdata$zzzdbg           DATA
 0002:00011228 00000004H .rtc$IAA                DATA
 0002:0001122c 00000004H .rtc$IZZ                DATA
 0002:00011230 00000004H .rtc$TAA                DATA
 0002:00011234 00000004H .rtc$TZZ                DATA
 0002:00011238 000010ccH .xdata$x                DATA
 0002:00012304 00000020H .didat$2                DATA
 0002:00012324 00000020H .didat$3                DATA
 0002:00012344 00000198H .didat$4                DATA
 0002:000124dc 00001978H .didat$6                DATA
 0002:00013e54 0000019cH .didat$7                DATA
 0002:00013ff0 00000050H .edata                  DATA
 0002:00014040 000000c8H .idata$2                DATA
 0002:00014108 00000014H .idata$3                DATA
 0002:0001411c 00000480H .idata$4                DATA
 0002:0001459c 00001786H .idata$6                DATA
 0003:00000000 000009d0H .data                   DATA
 0003:000009d0 000000f8H .data$r                 DATA
 0003:00000ac8 00000198H .didat$5                DATA
 0003:00000c60 00000e28H .bss                    DATA
 0004:00000000 00000094H .gfids$x                DATA
 0004:00000094 000000b8H .gfids$y                DATA
 0005:00000000 00000004H .tls                    DATA
 0005:00000004 00000004H .tls$                   DATA
 0005:00000008 00000001H .tls$ZZZ                DATA
 0006:00000000 00000060H .rsrc$01                DATA
 0006:00000060 00000180H .rsrc$02                DATA

  Address         Publics by Value              Rva+Base       Lib:Object

 0000:00000000       ___guard_fids_count        00000000     <absolute>
 0000:00000000       ___guard_longjmp_count     00000000     <absolute>
 0000:00000000       ___guard_longjmp_table     00000000     <absolute>
 0000:00000000       __except_list              00000000     <absolute>
 0000:00000000       ___guard_iat_table         00000000     <absolute>
 0000:00000000       ___guard_iat_count         00000000     <absolute>
 0000:00000000       ___guard_fids_table        00000000     <absolute>
 0000:00000000       ___dynamic_value_reloc_table 00000000     <absolute>
 0000:0000002c       __tls_array                0000002c     <absolute>
 0000:0000003a       ___safe_se_handler_count   0000003a     <absolute>
 0000:00000100       ___guard_flags             00000100     <absolute>
 0000:00000000       ___ImageBase               10000000     <linker-defined>
 0001:00000190       ??1locale@std@@QAE@XZ      10001190 f i Backend.obj
 0001:000001b0       ??1ObjectWrap@Nan@@UAE@XZ  100011b0 f i Backend.obj
 0001:00000260       ?Ref@ObjectWrap@Nan@@MAEXXZ 10001260 f i Backend.obj
 0001:00000290       ?Unref@ObjectWrap@Nan@@MAEXXZ 10001290 f i Backend.obj
 0001:00000320       ?WeakCallback@ObjectWrap@Nan@@CAXABV?$WeakCallbackInfo@VObjectWrap@Nan@@@v8@@@Z 10001320 f i Backend.obj
 0001:00000390       ??_GObjectWrap@Nan@@UAEPAXI@Z 10001390 f i Backend.obj
 0001:00000390       ??_EObjectWrap@Nan@@UAEPAXI@Z 10001390 f i * CIL library *:* CIL module *
 0001:000003b0       ?getFormat@Backend@@UAE?AW4_cairo_format@@XZ 100013b0 f i Backend.obj
 0001:000003c0       ??0Backend@@IAE@V?$basic_string@DU?$char_traits@D@std@@V?$allocator@D@2@@std@@HH@Z 100013c0 f   Backend.obj
 0001:00000470       ??_GBackend@@UAEPAXI@Z     10001470 f i Backend.obj
 0001:00000470       ??_EBackend@@UAEPAXI@Z     10001470 f i * CIL library *:* CIL module *
 0001:000004c0       ?recreateSurface@Backend@@UAEPAU_cairo_surface@@XZ 100014c0 f   Backend.obj
 0001:000004f0       ?getName@Backend@@QAE?AV?$basic_string@DU?$char_traits@D@std@@V?$allocator@D@2@@std@@XZ 100014f0 f   Backend.obj
 0001:00000530       ?setWidth@Backend@@UAEXH@Z 10001530 f   Backend.obj
 0001:00000540       ?setHeight@Backend@@UAEXH@Z 10001540 f   Backend.obj
 0001:00000550       ??1?$basic_string@DU?$char_traits@D@std@@V?$allocator@D@2@@std@@QAE@XZ 10001550 f i Backend.obj
 0001:000005c0       ?assign@?$basic_string@DU?$char_traits@D@std@@V?$allocator@D@2@@std@@QAEAAV12@PBDI@Z 100015c0 f i Backend.obj
 0001:000006c0       ?assign@?$basic_string@DU?$char_traits@D@std@@V?$allocator@D@2@@std@@QAEAAV12@ABV12@II@Z 100016c0 f i Backend.obj
 0001:000007d0       ?erase@?$basic_string@DU?$char_traits@D@std@@V?$allocator@D@2@@std@@QAEAAV12@II@Z 100017d0 f i Backend.obj
 0001:00000870       ?_Copy@?$basic_string@DU?$char_traits@D@std@@V?$allocator@D@2@@std@@QAEXII@Z 10001870 f i Backend.obj
 0001:00000a60       ?NewInstance@Nan@@YA?AV?$MaybeLocal@VObject@v8@@@v8@@V?$Local@VObjectTemplate@v8@@@3@@Z 10001a60 f i ImageBackend.obj
 0001:00000af0       ?New@?$Factory@VFunctionTemplate@v8@@@imp@Nan@@SA?AV?$Local@VFunctionTemplate@v8@@@v8@@P6AXABV?$FunctionCallbackInfo@VValue@v8@@@3@@ZV?$Local@VValue@v8@@@5@V?$Local@VSignature@v8@@@5@@Z 10001af0 f i ImageBackend.obj
 0001:00000c30       ?AdjustExternalMemory@Nan@@YAHH@Z 10001c30 f i ImageBackend.obj
 0001:00000cd0       ??1EscapableHandleScope@Nan@@QAE@XZ 10001cd0 f i Canvas.obj
 0001:00000cd0       ??1HandleScope@Nan@@QAE@XZ 10001cd0 f i ImageBackend.obj
 0001:00000ce0       ?Wrap@ObjectWrap@Nan@@IAEXV?$Local@VObject@v8@@@v8@@@Z 10001ce0 f i ImageBackend.obj
 0001:00000d90       ??0ImageBackend@@QAE@HH@Z  10001d90 f   ImageBackend.obj
 0001:00000de0       ??_GImageBackend@@UAEPAXI@Z 10001de0 f i ImageBackend.obj
 0001:00000de0       ??_EImageBackend@@UAEPAXI@Z 10001de0 f i * CIL library *:* CIL module *
 0001:00000e00       ??1ImageBackend@@UAE@XZ    10001e00 f   ImageBackend.obj
 0001:00000ed0       ?createSurface@ImageBackend@@EAEPAU_cairo_surface@@XZ 10001ed0 f   ImageBackend.obj
 0001:00000fa0       ?recreateSurface@ImageBackend@@EAEPAU_cairo_surface@@XZ 10001fa0 f   ImageBackend.obj
 0001:00001030       ?getFormat@ImageBackend@@UAE?AW4_cairo_format@@XZ 10002030 f   ImageBackend.obj
 0001:00001040       ?Initialize@ImageBackend@@SAXV?$Local@VObject@v8@@@v8@@@Z 10002040 f   ImageBackend.obj
 0001:00001180       ?New@ImageBackend@@SAXABV?$FunctionCallbackInfo@VValue@v8@@@Nan@@@Z 10002180 f   ImageBackend.obj
 0001:000012e0       ??0PdfBackend@@QAE@HH@Z    100022e0 f   PdfBackend.obj
 0001:00001360       ??_EPdfBackend@@UAEPAXI@Z  10002360 f i * CIL library *:* CIL module *
 0001:00001360       ??_GPdfBackend@@UAEPAXI@Z  10002360 f i PdfBackend.obj
 0001:00001380       ??1PdfBackend@@UAE@XZ      10002380 f   PdfBackend.obj
 0001:00001440       ?createSurface@PdfBackend@@EAEPAU_cairo_surface@@XZ 10002440 f   PdfBackend.obj
 0001:000014d0       ?recreateSurface@PdfBackend@@EAEPAU_cairo_surface@@XZ 100024d0 f   PdfBackend.obj
 0001:00001510       ?Initialize@PdfBackend@@SAXV?$Local@VObject@v8@@@v8@@@Z 10002510 f   PdfBackend.obj
 0001:00001650       ?New@PdfBackend@@SAXABV?$FunctionCallbackInfo@VValue@v8@@@Nan@@@Z 10002650 f   PdfBackend.obj
 0001:000017c0       ??0SvgBackend@@QAE@HH@Z    100027c0 f   SvgBackend.obj
 0001:00001840       ??_GSvgBackend@@UAEPAXI@Z  10002840 f i SvgBackend.obj
 0001:00001840       ??_ESvgBackend@@UAEPAXI@Z  10002840 f i * CIL library *:* CIL module *
 0001:00001860       ??1SvgBackend@@UAE@XZ      10002860 f   SvgBackend.obj
 0001:00001920       ?createSurface@SvgBackend@@EAEPAU_cairo_surface@@XZ 10002920 f   SvgBackend.obj
 0001:000019b0       ?recreateSurface@SvgBackend@@EAEPAU_cairo_surface@@XZ 100029b0 f   SvgBackend.obj
 0001:00001a00       ?Initialize@SvgBackend@@SAXV?$Local@VObject@v8@@@v8@@@Z 10002a00 f   SvgBackend.obj
 0001:00001b40       ?New@SvgBackend@@SAXABV?$FunctionCallbackInfo@VValue@v8@@@Nan@@@Z 10002b40 f   SvgBackend.obj
 0001:00001cb0       ?Initialize@Backends@@SAXV?$Local@VObject@v8@@@v8@@@Z 10002cb0 f   Backends.obj
 0001:00001ee0       ?Set@Nan@@YA?AV?$Maybe@_N@v8@@V?$Local@VObject@v8@@@3@V?$Local@VValue@v8@@@3@1@Z 10002ee0 f i Canvas.obj
 0001:00001f60       ?Call@Nan@@YA?AV?$MaybeLocal@VValue@v8@@@v8@@V?$Local@VFunction@v8@@@3@V?$Local@VObject@v8@@@3@HQAV?$Local@VValue@v8@@@3@@Z 10002f60 f i Canvas.obj
 0001:00002000       ?convert@?$ToFactory@VUint32@v8@@@imp@Nan@@SA?AV?$MaybeLocal@VUint32@v8@@@v8@@V?$Local@VValue@v8@@@5@@Z 10003000 f i Canvas.obj
 0001:00002090       ??$New@VNumber@v8@@N@Nan@@YA?AV?$Local@VNumber@v8@@@v8@@N@Z 10003090 f i CanvasRenderingContext2d.obj
 0001:00002090       ?New@?$Factory@VNumber@v8@@@imp@Nan@@SA?AV?$Local@VNumber@v8@@@v8@@N@Z 10003090 f i Canvas.obj
 0001:000020c0       ??0AsyncResource@Nan@@QAE@PBDV?$Local@VObject@v8@@@v8@@@Z 100030c0 f i Canvas.obj
 0001:00002160       ??1AsyncResource@Nan@@QAE@XZ 10003160 f i Canvas.obj
 0001:000021b0       ?ThrowError@Nan@@YAXPBD@Z  100031b0 f i Canvas.obj
 0001:00002250       ?ThrowRangeError@Nan@@YAXPBD@Z 10003250 f i Canvas.obj
 0001:000022f0       ?ThrowTypeError@Nan@@YAXPBD@Z 100032f0 f i Canvas.obj
 0001:00002390       ?ThrowError@Nan@@YAXV?$Local@VValue@v8@@@v8@@@Z 10003390 f i Canvas.obj
 0001:000023b0       ?CopyBuffer@Nan@@YA?AV?$MaybeLocal@VObject@v8@@@v8@@PBDI@Z 100033b0 f i Canvas.obj
 0001:00002400       ?MakeCallback@Nan@@YA?AV?$Local@VValue@v8@@@v8@@V?$Local@VObject@v8@@@3@V?$Local@VFunction@v8@@@3@HPAV23@@Z 10003400 f i Canvas.obj
 0001:000024c0       ?Call@Callback@Nan@@QBE?AV?$Local@VValue@v8@@@v8@@HQAV34@@Z 100034c0 f i Canvas.obj
 0001:000025a0       ?Call_@Callback@Nan@@ABE?AV?$MaybeLocal@VValue@v8@@@v8@@PAVIsolate@4@V?$Local@VObject@v8@@@4@HQAV?$Local@VValue@v8@@@4@PAVAsyncResource@2@@Z 100035a0 f i Canvas.obj
 0001:00002660       ?SetPrototypeMethod@Nan@@YAXV?$Local@VFunctionTemplate@v8@@@v8@@PBDP6AXABV?$FunctionCallbackInfo@VValue@v8@@@1@@Z@Z 10003660 f i Canvas.obj
 0001:00002740       ?SetAccessor@Nan@@YAXV?$Local@VObjectTemplate@v8@@@v8@@V?$Local@VString@v8@@@3@P6AX1ABV?$PropertyCallbackInfo@VValue@v8@@@1@@ZP6AX1V?$Local@VValue@v8@@@3@ABV?$PropertyCallbackInfo@X@1@@Z4W4AccessControl@3@W4PropertyAttribute@3@V?$Local@VAccessorSignature@v8@@@3@@Z 10003740 f i Canvas.obj
 0001:00002870       ?surface@Canvas@@QAEPAU_cairo_surface@@XZ 10003870 f i Canvas.obj
 0001:00002890       ___except_validate_context_record 10003890 f   libvcruntime:jbcxrval.obj
 0001:00002890       ?stream_pdf_free@@YAXPADPAX@Z 10003890 f   Canvas.obj
 0001:00002890       ___except_validate_jump_buffer 10003890 f   libvcruntime:jbcxrval.obj
 0001:00002890       ?init_closure_destination@@YAXPAUjpeg_compress_struct@@@Z 10003890 f   Canvas.obj
 0001:00002890       @_guard_check_icall_nop@4  10003890 f   LIBCMT:guard_support.obj
 0001:00002a40       ?setjmp_wrapper@@YA_NPAUpng_struct_def@@@Z 10003a40 f   Canvas.obj
 0001:00002f90       ?empty_closure_output_buffer@@YAEPAUjpeg_compress_struct@@@Z 10003f90 f   Canvas.obj
 0001:000030a0       ?term_closure_destination@@YAXPAUjpeg_compress_struct@@@Z 100040a0 f   Canvas.obj
 0001:000031f0       ?write_to_jpeg_stream@@YAXPAU_cairo_surface@@HH_NPAUclosure_t@@@Z 100041f0 f   Canvas.obj
 0001:000033c0       ?Initialize@Canvas@@SAXV?$Local@VObject@v8@@@v8@@@Z 100043c0 f   Canvas.obj
 0001:000039a0       ?New@Canvas@@SAXABV?$FunctionCallbackInfo@VValue@v8@@@Nan@@@Z 100049a0 f   Canvas.obj
 0001:00003e20       ?GetType@Canvas@@SAXV?$Local@VString@v8@@@v8@@ABV?$PropertyCallbackInfo@VValue@v8@@@Nan@@@Z 10004e20 f   Canvas.obj
 0001:00003e80       ?GetStride@Canvas@@SAXV?$Local@VString@v8@@@v8@@ABV?$PropertyCallbackInfo@VValue@v8@@@Nan@@@Z 10004e80 f   Canvas.obj
 0001:00003ee0       ?GetWidth@Canvas@@SAXV?$Local@VString@v8@@@v8@@ABV?$PropertyCallbackInfo@VValue@v8@@@Nan@@@Z 10004ee0 f   Canvas.obj
 0001:00003f30       ?SetWidth@Canvas@@SAXV?$Local@VString@v8@@@v8@@V?$Local@VValue@v8@@@3@ABV?$PropertyCallbackInfo@X@Nan@@@Z 10004f30 f   Canvas.obj
 0001:00003fb0       ?GetHeight@Canvas@@SAXV?$Local@VString@v8@@@v8@@ABV?$PropertyCallbackInfo@VValue@v8@@@Nan@@@Z 10004fb0 f   Canvas.obj
 0001:00004000       ?SetHeight@Canvas@@SAXV?$Local@VString@v8@@@v8@@V?$Local@VValue@v8@@@3@ABV?$PropertyCallbackInfo@X@Nan@@@Z 10005000 f   Canvas.obj
 0001:00004080       ?ToBufferAsync@Canvas@@SAXPAUuv_work_s@@@Z 10005080 f   Canvas.obj
 0001:000040f0       ?ToBufferAsyncAfter@Canvas@@SAXPAUuv_work_s@@@Z 100050f0 f   Canvas.obj
 0001:00004290       ?ToBuffer@Canvas@@SAXABV?$FunctionCallbackInfo@VValue@v8@@@Nan@@@Z 10005290 f   Canvas.obj
 0001:00004970       ??1TryCatch@Nan@@QAE@XZ    10005970 f i Canvas.obj
 0001:00004aa0       ?StreamPNGSync@Canvas@@SAXABV?$FunctionCallbackInfo@VValue@v8@@@Nan@@@Z 10005aa0 f   Canvas.obj
 0001:000051c0       ?canvas_write_to_pdf_stream@@YA?AW4_cairo_status@@PAU_cairo_surface@@P6A?AW41@PAXPBEI@Z1@Z 100061c0 f   Canvas.obj
 0001:00005220       ?StreamPDFSync@Canvas@@SAXABV?$FunctionCallbackInfo@VValue@v8@@@Nan@@@Z 10006220 f   Canvas.obj
 0001:00005440       ?StreamJPEGSync@Canvas@@SAXABV?$FunctionCallbackInfo@VValue@v8@@@Nan@@@Z 10006440 f   Canvas.obj
 0001:00005680       ?str_value@@YAPADV?$Local@VValue@v8@@@v8@@PBD_N@Z 10006680 f   Canvas.obj
 0001:00005720       ?RegisterFont@Canvas@@SAXABV?$FunctionCallbackInfo@VValue@v8@@@Nan@@@Z 10006720 f   Canvas.obj
 0001:00005a60       ??_ECanvas@@EAEPAXI@Z      10006a60 f i * CIL library *:* CIL module *
 0001:00005a60       ??_GCanvas@@EAEPAXI@Z      10006a60 f i Canvas.obj
 0001:00005aa0       ?_init_font_face_list@@YA?AV?$vector@VFontFace@@V?$allocator@VFontFace@@@std@@@std@@XZ 10006aa0 f   Canvas.obj
 0001:00005ad0       ?GetStyleFromCSSString@Canvas@@SA?AW4PangoStyle@@PBD@Z 10006ad0 f   Canvas.obj
 0001:00005b80       ?GetWeightFromCSSString@Canvas@@SA?AW4PangoWeight@@PBD@Z 10006b80 f   Canvas.obj
 0001:00005e20       ?ResolveFontDescription@Canvas@@SAPAU_PangoFontDescription@@PBU2@@Z 10006e20 f   Canvas.obj
 0001:00006020       ?resurface@Canvas@@QAEXV?$Local@VObject@v8@@@v8@@@Z 10007020 f   Canvas.obj
 0001:00006150       ?Error@Canvas@@SA?AV?$Local@VValue@v8@@@v8@@W4_cairo_status@@@Z 10007150 f   Canvas.obj
 0001:000061a0       ??0?$TypedArrayContents@E@Nan@@QAE@V?$Local@VValue@v8@@@v8@@@Z 100071a0 f i Canvas.obj
 0001:00006260       ?push_back@?$vector@VFontFace@@V?$allocator@VFontFace@@@std@@@std@@QAEXABVFontFace@@@Z 10007260 f i Canvas.obj
 0001:000062e0       ?_Tidy@?$vector@VFontFace@@V?$allocator@VFontFace@@@std@@@std@@IAEXXZ 100072e0 f i Canvas.obj
 0001:00006360       ?_Reserve@?$vector@VFontFace@@V?$allocator@VFontFace@@@std@@@std@@IAEXI@Z 10007360 f i Canvas.obj
 0001:000063d0       ?_Traits_compare@?$basic_string@DU?$char_traits@D@std@@V?$allocator@D@2@@std@@SAHQBDI0I@Z 100073d0 f i Canvas.obj
 0001:00006460       ?_Reallocate@?$vector@VFontFace@@V?$allocator@VFontFace@@@std@@@std@@IAEXI@Z 10007460 f i Canvas.obj
 0001:00006570       ??$New@VString@v8@@V?$basic_string@DU?$char_traits@D@std@@V?$allocator@D@2@@std@@@Nan@@YA?AV?$MaybeLocal@VString@v8@@@v8@@V?$basic_string@DU?$char_traits@D@std@@V?$allocator@D@2@@std@@@Z 10007570 f i Canvas.obj
 0001:00006600       ??$New@VUint32@v8@@H@Nan@@YA?AV?$Local@VUint32@v8@@@v8@@H@Z 10007600 f i Canvas.obj
 0001:00006640       ??$SetMethod@VFunctionTemplate@v8@@VLocal@2@@Nan@@YAXV?$Local@VFunctionTemplate@v8@@@v8@@PBDP6AXABV?$FunctionCallbackInfo@VValue@v8@@@0@@Z@Z 10007640 f i Canvas.obj
 0001:00006700       ??$New@VFunctionTemplate@v8@@V?$NonCopyablePersistentTraits@VFunctionTemplate@v8@@@2@@Nan@@YA?AV?$Local@VFunctionTemplate@v8@@@v8@@ABV?$Persistent@VFunctionTemplate@v8@@V?$NonCopyablePersistentTraits@VFunctionTemplate@v8@@@2@@0@@Z 10007700 f i Canvas.obj
 0001:00006730       ??$Unwrap@VPattern@@@ObjectWrap@Nan@@SAPAVPattern@@V?$Local@VObject@v8@@@v8@@@Z 10007730 f i CanvasRenderingContext2d.obj
 0001:00006730       ??$Unwrap@VCanvas@@@ObjectWrap@Nan@@SAPAVCanvas@@V?$Local@VObject@v8@@@v8@@@Z 10007730 f i Canvas.obj
 0001:00006730       ??$Unwrap@VGradient@@@ObjectWrap@Nan@@SAPAVGradient@@V?$Local@VObject@v8@@@v8@@@Z 10007730 f i CanvasGradient.obj
 0001:00006730       ??$Unwrap@VImage@@@ObjectWrap@Nan@@SAPAVImage@@V?$Local@VObject@v8@@@v8@@@Z 10007730 f i CanvasPattern.obj
 0001:00006730       ??$Unwrap@VImageData@@@ObjectWrap@Nan@@SAPAVImageData@@V?$Local@VObject@v8@@@v8@@@Z 10007730 f i CanvasRenderingContext2d.obj
 0001:00006730       ??$Unwrap@VBackend@@@ObjectWrap@Nan@@SAPAVBackend@@V?$Local@VObject@v8@@@v8@@@Z 10007730 f i Canvas.obj
 0001:00006730       ??$Unwrap@VContext2d@@@ObjectWrap@Nan@@SAPAVContext2d@@V?$Local@VObject@v8@@@v8@@@Z 10007730 f i Canvas.obj
 0001:000067a0       ??$?8DU?$char_traits@D@std@@V?$allocator@D@1@@std@@YA_NABV?$basic_string@DU?$char_traits@D@std@@V?$allocator@D@2@@0@PBD@Z 100077a0 f i Canvas.obj
 0001:000067e0       ?Initialize@Gradient@@SAXV?$Local@VObject@v8@@@v8@@@Z 100077e0 f   CanvasGradient.obj
 0001:00006940       ?New@Gradient@@SAXABV?$FunctionCallbackInfo@VValue@v8@@@Nan@@@Z 10007940 f   CanvasGradient.obj
 0001:00006be0       ?AddColorStop@Gradient@@SAXABV?$FunctionCallbackInfo@VValue@v8@@@Nan@@@Z 10007be0 f   CanvasGradient.obj
 0001:00006d70       ??0Gradient@@QAE@NNNN@Z    10007d70 f   CanvasGradient.obj
 0001:00006dd0       ??_EGradient@@EAEPAXI@Z    10007dd0 f i * CIL library *:* CIL module *
 0001:00006dd0       ??_GGradient@@EAEPAXI@Z    10007dd0 f i CanvasGradient.obj
 0001:00006e10       ??0Gradient@@QAE@NNNNNN@Z  10007e10 f   CanvasGradient.obj
 0001:00006e80       ?Initialize@Pattern@@SAXV?$Local@VObject@v8@@@v8@@@Z 10007e80 f   CanvasPattern.obj
 0001:00007010       ?New@Pattern@@SAXABV?$FunctionCallbackInfo@VValue@v8@@@Nan@@@Z 10008010 f   CanvasPattern.obj
 0001:000072f0       ??_GPattern@@EAEPAXI@Z     100082f0 f i CanvasPattern.obj
 0001:000072f0       ??_EPattern@@EAEPAXI@Z     100082f0 f i * CIL library *:* CIL module *
 0001:00007330       ?NewInstance@Nan@@YA?AV?$MaybeLocal@VObject@v8@@@v8@@V?$Local@VFunction@v8@@@3@HQAV?$Local@VValue@v8@@@3@@Z 10008330 f i CanvasRenderingContext2d.obj
 0001:000073c0       ?GetFunction@Nan@@YA?AV?$MaybeLocal@VFunction@v8@@@v8@@V?$Local@VFunctionTemplate@v8@@@3@@Z 100083c0 f i CanvasRenderingContext2d.obj
 0001:00007450       ?convert@?$ToFactory@VInt32@v8@@@imp@Nan@@SA?AV?$MaybeLocal@VInt32@v8@@@v8@@V?$Local@VValue@v8@@@5@@Z 10008450 f i CanvasRenderingContext2d.obj
 0001:000074e0       ?Initialize@Context2d@@SAXV?$Local@VObject@v8@@@v8@@@Z 100084e0 f   CanvasRenderingContext2d.obj
 0001:00007f70       ??0Context2d@@QAE@PAVCanvas@@@Z 10008f70 f   CanvasRenderingContext2d.obj
 0001:00008160       ??_GContext2d@@EAEPAXI@Z   10009160 f i CanvasRenderingContext2d.obj
 0001:00008160       ??_EContext2d@@EAEPAXI@Z   10009160 f i * CIL library *:* CIL module *
 0001:00008190       ??1Context2d@@EAE@XZ       10009190 f   CanvasRenderingContext2d.obj
 0001:00008210       ?save@Context2d@@QAEXXZ    10009210 f   CanvasRenderingContext2d.obj
 0001:00008290       ?restore@Context2d@@QAEXXZ 10009290 f   CanvasRenderingContext2d.obj
 0001:00008300       ?savePath@Context2d@@QAEXXZ 10009300 f   CanvasRenderingContext2d.obj
 0001:00008330       ?restorePath@Context2d@@QAEXXZ 10009330 f   CanvasRenderingContext2d.obj
 0001:00008370       ?create_transparent_gradient@@YAPAU_cairo_pattern@@PAU1@M@Z 10009370 f   CanvasRenderingContext2d.obj
 0001:00008530       ?create_transparent_pattern@@YAPAU_cairo_pattern@@PAU1@M@Z 10009530 f   CanvasRenderingContext2d.obj
 0001:000085e0       ?setFillRule@Context2d@@QAEXV?$Local@VValue@v8@@@v8@@@Z 100095e0 f i CanvasRenderingContext2d.obj
 0001:00008690       ?fill@Context2d@@QAEX_N@Z  10009690 f   CanvasRenderingContext2d.obj
 0001:00008900       ?stroke@Context2d@@QAEX_N@Z 10009900 f   CanvasRenderingContext2d.obj
 0001:00008b70       ?shadow@Context2d@@QAEXP6AXPAU_cairo@@@Z@Z 10009b70 f   CanvasRenderingContext2d.obj
 0001:00008f50       ?setSourceRGBA@Context2d@@QAEXUrgba_t@@@Z 10009f50 f i CanvasRenderingContext2d.obj
 0001:00008fa0       ?setSourceRGBA@Context2d@@QAEXPAU_cairo@@Urgba_t@@@Z 10009fa0 f i CanvasRenderingContext2d.obj
 0001:00008ff0       ?hasShadow@Context2d@@QAE_NXZ 10009ff0 f i CanvasRenderingContext2d.obj
 0001:00009040       ?blur@Context2d@@QAEXPAU_cairo_surface@@H@Z 1000a040 f   CanvasRenderingContext2d.obj
 0001:000092a0       ?New@Context2d@@SAXABV?$FunctionCallbackInfo@VValue@v8@@@Nan@@@Z 1000a2a0 f   CanvasRenderingContext2d.obj
 0001:00009680       ?GetFormat@Context2d@@SAXV?$Local@VString@v8@@@v8@@ABV?$PropertyCallbackInfo@VValue@v8@@@Nan@@@Z 1000a680 f   CanvasRenderingContext2d.obj
 0001:000097b0       ?AddPage@Context2d@@SAXABV?$FunctionCallbackInfo@VValue@v8@@@Nan@@@Z 1000a7b0 f   CanvasRenderingContext2d.obj
 0001:00009860       ?PutImageData@Context2d@@SAXABV?$FunctionCallbackInfo@VValue@v8@@@Nan@@@Z 1000a860 f   CanvasRenderingContext2d.obj
 0001:00009e60       ?GetImageData@Context2d@@SAXABV?$FunctionCallbackInfo@VValue@v8@@@Nan@@@Z 1000ae60 f   CanvasRenderingContext2d.obj
 0001:0000a410       ?DrawImage@Context2d@@SAXABV?$FunctionCallbackInfo@VValue@v8@@@Nan@@@Z 1000b410 f   CanvasRenderingContext2d.obj
 0001:0000ac40       ?GetGlobalAlpha@Context2d@@SAXV?$Local@VString@v8@@@v8@@ABV?$PropertyCallbackInfo@VValue@v8@@@Nan@@@Z 1000bc40 f   CanvasRenderingContext2d.obj
 0001:0000ac90       ?SetGlobalAlpha@Context2d@@SAXV?$Local@VString@v8@@@v8@@V?$Local@VValue@v8@@@3@ABV?$PropertyCallbackInfo@X@Nan@@@Z 1000bc90 f   CanvasRenderingContext2d.obj
 0001:0000acf0       ?GetGlobalCompositeOperation@Context2d@@SAXV?$Local@VString@v8@@@v8@@ABV?$PropertyCallbackInfo@VValue@v8@@@Nan@@@Z 1000bcf0 f   CanvasRenderingContext2d.obj
 0001:0000aed0       ?SetPatternQuality@Context2d@@SAXV?$Local@VString@v8@@@v8@@V?$Local@VValue@v8@@@3@ABV?$PropertyCallbackInfo@X@Nan@@@Z 1000bed0 f   CanvasRenderingContext2d.obj
 0001:0000b0a0       ?GetPatternQuality@Context2d@@SAXV?$Local@VString@v8@@@v8@@ABV?$PropertyCallbackInfo@VValue@v8@@@Nan@@@Z 1000c0a0 f   CanvasRenderingContext2d.obj
 0001:0000b150       ?SetGlobalCompositeOperation@Context2d@@SAXV?$Local@VString@v8@@@v8@@V?$Local@VValue@v8@@@3@ABV?$PropertyCallbackInfo@X@Nan@@@Z 1000c150 f   CanvasRenderingContext2d.obj
 0001:0000b830       ?GetShadowOffsetX@Context2d@@SAXV?$Local@VString@v8@@@v8@@ABV?$PropertyCallbackInfo@VValue@v8@@@Nan@@@Z 1000c830 f   CanvasRenderingContext2d.obj
 0001:0000b8a0       ?SetShadowOffsetX@Context2d@@SAXV?$Local@VString@v8@@@v8@@V?$Local@VValue@v8@@@3@ABV?$PropertyCallbackInfo@X@Nan@@@Z 1000c8a0 f   CanvasRenderingContext2d.obj
 0001:0000b8d0       ?GetShadowOffsetY@Context2d@@SAXV?$Local@VString@v8@@@v8@@ABV?$PropertyCallbackInfo@VValue@v8@@@Nan@@@Z 1000c8d0 f   CanvasRenderingContext2d.obj
 0001:0000b940       ?SetShadowOffsetY@Context2d@@SAXV?$Local@VString@v8@@@v8@@V?$Local@VValue@v8@@@3@ABV?$PropertyCallbackInfo@X@Nan@@@Z 1000c940 f   CanvasRenderingContext2d.obj
 0001:0000b970       ?GetShadowBlur@Context2d@@SAXV?$Local@VString@v8@@@v8@@ABV?$PropertyCallbackInfo@VValue@v8@@@Nan@@@Z 1000c970 f   CanvasRenderingContext2d.obj
 0001:0000b9c0       ?SetShadowBlur@Context2d@@SAXV?$Local@VString@v8@@@v8@@V?$Local@VValue@v8@@@3@ABV?$PropertyCallbackInfo@X@Nan@@@Z 1000c9c0 f   CanvasRenderingContext2d.obj
 0001:0000ba10       ?GetAntiAlias@Context2d@@SAXV?$Local@VString@v8@@@v8@@ABV?$PropertyCallbackInfo@VValue@v8@@@Nan@@@Z 1000ca10 f   CanvasRenderingContext2d.obj
 0001:0000baa0       ?SetAntiAlias@Context2d@@SAXV?$Local@VString@v8@@@v8@@V?$Local@VValue@v8@@@3@ABV?$PropertyCallbackInfo@X@Nan@@@Z 1000caa0 f   CanvasRenderingContext2d.obj
 0001:0000bc20       ?GetTextDrawingMode@Context2d@@SAXV?$Local@VString@v8@@@v8@@ABV?$PropertyCallbackInfo@VValue@v8@@@Nan@@@Z 1000cc20 f   CanvasRenderingContext2d.obj
 0001:0000bca0       ?SetTextDrawingMode@Context2d@@SAXV?$Local@VString@v8@@@v8@@V?$Local@VValue@v8@@@3@ABV?$PropertyCallbackInfo@X@Nan@@@Z 1000cca0 f   CanvasRenderingContext2d.obj
 0001:0000bdb0       ?GetFilter@Context2d@@SAXV?$Local@VString@v8@@@v8@@ABV?$PropertyCallbackInfo@VValue@v8@@@Nan@@@Z 1000cdb0 f   CanvasRenderingContext2d.obj
 0001:0000be60       ?SetFilter@Context2d@@SAXV?$Local@VString@v8@@@v8@@V?$Local@VValue@v8@@@3@ABV?$PropertyCallbackInfo@X@Nan@@@Z 1000ce60 f   CanvasRenderingContext2d.obj
 0001:0000bfe0       ?GetMiterLimit@Context2d@@SAXV?$Local@VString@v8@@@v8@@ABV?$PropertyCallbackInfo@VValue@v8@@@Nan@@@Z 1000cfe0 f   CanvasRenderingContext2d.obj
 0001:0000c050       ?SetMiterLimit@Context2d@@SAXV?$Local@VString@v8@@@v8@@V?$Local@VValue@v8@@@3@ABV?$PropertyCallbackInfo@X@Nan@@@Z 1000d050 f   CanvasRenderingContext2d.obj
 0001:0000c0b0       ?GetLineWidth@Context2d@@SAXV?$Local@VString@v8@@@v8@@ABV?$PropertyCallbackInfo@VValue@v8@@@Nan@@@Z 1000d0b0 f   CanvasRenderingContext2d.obj
 0001:0000c120       ?SetLineWidth@Context2d@@SAXV?$Local@VString@v8@@@v8@@V?$Local@VValue@v8@@@3@ABV?$PropertyCallbackInfo@X@Nan@@@Z 1000d120 f   CanvasRenderingContext2d.obj
 0001:0000c190       ?GetLineJoin@Context2d@@SAXV?$Local@VString@v8@@@v8@@ABV?$PropertyCallbackInfo@VValue@v8@@@Nan@@@Z 1000d190 f   CanvasRenderingContext2d.obj
 0001:0000c210       ?SetLineJoin@Context2d@@SAXV?$Local@VString@v8@@@v8@@V?$Local@VValue@v8@@@3@ABV?$PropertyCallbackInfo@X@Nan@@@Z 1000d210 f   CanvasRenderingContext2d.obj
 0001:0000c2e0       ?GetLineCap@Context2d@@SAXV?$Local@VString@v8@@@v8@@ABV?$PropertyCallbackInfo@VValue@v8@@@Nan@@@Z 1000d2e0 f   CanvasRenderingContext2d.obj
 0001:0000c360       ?SetLineCap@Context2d@@SAXV?$Local@VString@v8@@@v8@@V?$Local@VValue@v8@@@3@ABV?$PropertyCallbackInfo@X@Nan@@@Z 1000d360 f   CanvasRenderingContext2d.obj
 0001:0000c430       ?IsPointInPath@Context2d@@SAXABV?$FunctionCallbackInfo@VValue@v8@@@Nan@@@Z 1000d430 f   CanvasRenderingContext2d.obj
 0001:0000c5c0       ?SetFillPattern@Context2d@@SAXABV?$FunctionCallbackInfo@VValue@v8@@@Nan@@@Z 1000d5c0 f   CanvasRenderingContext2d.obj
 0001:0000c6e0       ?SetStrokePattern@Context2d@@SAXABV?$FunctionCallbackInfo@VValue@v8@@@Nan@@@Z 1000d6e0 f   CanvasRenderingContext2d.obj
 0001:0000c800       ?SetShadowColor@Context2d@@SAXV?$Local@VString@v8@@@v8@@V?$Local@VValue@v8@@@3@ABV?$PropertyCallbackInfo@X@Nan@@@Z 1000d800 f   CanvasRenderingContext2d.obj
 0001:0000c940       ?GetShadowColor@Context2d@@SAXV?$Local@VString@v8@@@v8@@ABV?$PropertyCallbackInfo@VValue@v8@@@Nan@@@Z 1000d940 f   CanvasRenderingContext2d.obj
 0001:0000c9f0       ?SetFillColor@Context2d@@SAXABV?$FunctionCallbackInfo@VValue@v8@@@Nan@@@Z 1000d9f0 f   CanvasRenderingContext2d.obj
 0001:0000caf0       ?GetFillColor@Context2d@@SAXV?$Local@VString@v8@@@v8@@ABV?$PropertyCallbackInfo@VValue@v8@@@Nan@@@Z 1000daf0 f   CanvasRenderingContext2d.obj
 0001:0000cba0       ?SetStrokeColor@Context2d@@SAXABV?$FunctionCallbackInfo@VValue@v8@@@Nan@@@Z 1000dba0 f   CanvasRenderingContext2d.obj
 0001:0000cca0       ?GetStrokeColor@Context2d@@SAXV?$Local@VString@v8@@@v8@@ABV?$PropertyCallbackInfo@VValue@v8@@@Nan@@@Z 1000dca0 f   CanvasRenderingContext2d.obj
 0001:0000cd50       ?BezierCurveTo@Context2d@@SAXABV?$FunctionCallbackInfo@VValue@v8@@@Nan@@@Z 1000dd50 f   CanvasRenderingContext2d.obj
 0001:0000cf40       ?QuadraticCurveTo@Context2d@@SAXABV?$FunctionCallbackInfo@VValue@v8@@@Nan@@@Z 1000df40 f   CanvasRenderingContext2d.obj
 0001:0000d150       ?Save@Context2d@@SAXABV?$FunctionCallbackInfo@VValue@v8@@@Nan@@@Z 1000e150 f   CanvasRenderingContext2d.obj
 0001:0000d170       ?Restore@Context2d@@SAXABV?$FunctionCallbackInfo@VValue@v8@@@Nan@@@Z 1000e170 f   CanvasRenderingContext2d.obj
 0001:0000d190       ?BeginPath@Context2d@@SAXABV?$FunctionCallbackInfo@VValue@v8@@@Nan@@@Z 1000e190 f   CanvasRenderingContext2d.obj
 0001:0000d1c0       ?ClosePath@Context2d@@SAXABV?$FunctionCallbackInfo@VValue@v8@@@Nan@@@Z 1000e1c0 f   CanvasRenderingContext2d.obj
 0001:0000d1f0       ?Rotate@Context2d@@SAXABV?$FunctionCallbackInfo@VValue@v8@@@Nan@@@Z 1000e1f0 f   CanvasRenderingContext2d.obj
 0001:0000d280       ?Transform@Context2d@@SAXABV?$FunctionCallbackInfo@VValue@v8@@@Nan@@@Z 1000e280 f   CanvasRenderingContext2d.obj
 0001:0000d570       ?ResetTransform@Context2d@@SAXABV?$FunctionCallbackInfo@VValue@v8@@@Nan@@@Z 1000e570 f   CanvasRenderingContext2d.obj
 0001:0000d5a0       ?GetMatrix@Context2d@@SAXABV?$FunctionCallbackInfo@VValue@v8@@@Nan@@@Z 1000e5a0 f   CanvasRenderingContext2d.obj
 0001:0000d660       ?Translate@Context2d@@SAXABV?$FunctionCallbackInfo@VValue@v8@@@Nan@@@Z 1000e660 f   CanvasRenderingContext2d.obj
 0001:0000d770       ?Scale@Context2d@@SAXABV?$FunctionCallbackInfo@VValue@v8@@@Nan@@@Z 1000e770 f   CanvasRenderingContext2d.obj
 0001:0000d880       ?Clip@Context2d@@SAXABV?$FunctionCallbackInfo@VValue@v8@@@Nan@@@Z 1000e880 f   CanvasRenderingContext2d.obj
 0001:0000d8d0       ?Fill@Context2d@@SAXABV?$FunctionCallbackInfo@VValue@v8@@@Nan@@@Z 1000e8d0 f   CanvasRenderingContext2d.obj
 0001:0000d930       ?Stroke@Context2d@@SAXABV?$FunctionCallbackInfo@VValue@v8@@@Nan@@@Z 1000e930 f   CanvasRenderingContext2d.obj
 0001:0000d950       ?FillText@Context2d@@SAXABV?$FunctionCallbackInfo@VValue@v8@@@Nan@@@Z 1000e950 f   CanvasRenderingContext2d.obj
 0001:0000dbf0       ?StrokeText@Context2d@@SAXABV?$FunctionCallbackInfo@VValue@v8@@@Nan@@@Z 1000ebf0 f   CanvasRenderingContext2d.obj
 0001:0000de90       ?getBaselineAdjustment@@YANPAU_PangoLayout@@F@Z 1000ee90 f i CanvasRenderingContext2d.obj
 0001:0000df70       ?setTextPath@Context2d@@QAEXPBDNN@Z 1000ef70 f   CanvasRenderingContext2d.obj
 0001:0000e0d0       ?LineTo@Context2d@@SAXABV?$FunctionCallbackInfo@VValue@v8@@@Nan@@@Z 1000f0d0 f   CanvasRenderingContext2d.obj
 0001:0000e1a0       ?MoveTo@Context2d@@SAXABV?$FunctionCallbackInfo@VValue@v8@@@Nan@@@Z 1000f1a0 f   CanvasRenderingContext2d.obj
 0001:0000e270       ?SetFont@Context2d@@SAXABV?$FunctionCallbackInfo@VValue@v8@@@Nan@@@Z 1000f270 f   CanvasRenderingContext2d.obj
 0001:0000e540       ?MeasureText@Context2d@@SAXABV?$FunctionCallbackInfo@VValue@v8@@@Nan@@@Z 1000f540 f   CanvasRenderingContext2d.obj
 0001:0000ea60       ?SetTextBaseline@Context2d@@SAXABV?$FunctionCallbackInfo@VValue@v8@@@Nan@@@Z 1000fa60 f   CanvasRenderingContext2d.obj
 0001:0000eae0       ?SetTextAlignment@Context2d@@SAXABV?$FunctionCallbackInfo@VValue@v8@@@Nan@@@Z 1000fae0 f   CanvasRenderingContext2d.obj
 0001:0000eb60       ?SetLineDash@Context2d@@SAXABV?$FunctionCallbackInfo@VValue@v8@@@Nan@@@Z 1000fb60 f   CanvasRenderingContext2d.obj
 0001:0000ee20       ?GetLineDash@Context2d@@SAXABV?$FunctionCallbackInfo@VValue@v8@@@Nan@@@Z 1000fe20 f   CanvasRenderingContext2d.obj
 0001:0000efc0       ?SetLineDashOffset@Context2d@@SAXV?$Local@VString@v8@@@v8@@V?$Local@VValue@v8@@@3@ABV?$PropertyCallbackInfo@X@Nan@@@Z 1000ffc0 f   CanvasRenderingContext2d.obj
 0001:0000f080       ?GetLineDashOffset@Context2d@@SAXV?$Local@VString@v8@@@v8@@ABV?$PropertyCallbackInfo@VValue@v8@@@Nan@@@Z 10010080 f   CanvasRenderingContext2d.obj
 0001:0000f100       ?FillRect@Context2d@@SAXABV?$FunctionCallbackInfo@VValue@v8@@@Nan@@@Z 10010100 f   CanvasRenderingContext2d.obj
 0001:0000f2b0       ?StrokeRect@Context2d@@SAXABV?$FunctionCallbackInfo@VValue@v8@@@Nan@@@Z 100102b0 f   CanvasRenderingContext2d.obj
 0001:0000f460       ?ClearRect@Context2d@@SAXABV?$FunctionCallbackInfo@VValue@v8@@@Nan@@@Z 10010460 f   CanvasRenderingContext2d.obj
 0001:0000f630       ?Rect@Context2d@@SAXABV?$FunctionCallbackInfo@VValue@v8@@@Nan@@@Z 10010630 f   CanvasRenderingContext2d.obj
 0001:0000f860       ?Arc@Context2d@@SAXABV?$FunctionCallbackInfo@VValue@v8@@@Nan@@@Z 10010860 f   CanvasRenderingContext2d.obj
 0001:0000fb40       ?ArcTo@Context2d@@SAXABV?$FunctionCallbackInfo@VValue@v8@@@Nan@@@Z 10010b40 f   CanvasRenderingContext2d.obj
 0001:000101f0       ?Ellipse@Context2d@@SAXABV?$FunctionCallbackInfo@VValue@v8@@@Nan@@@Z 100111f0 f   CanvasRenderingContext2d.obj
 0001:000105f0       ??1?$vector@NV?$allocator@N@std@@@std@@QAE@XZ 100115f0 f i CanvasRenderingContext2d.obj
 0001:00010600       ??0?$vector@NV?$allocator@N@std@@@std@@QAE@I@Z 10011600 f i CanvasRenderingContext2d.obj
 0001:00010660       ??0?$TypedArrayContents@N@Nan@@QAE@V?$Local@VValue@v8@@@v8@@@Z 10011660 f i CanvasRenderingContext2d.obj
 0001:00010750       ??4?$basic_string@DU?$char_traits@D@std@@V?$allocator@D@2@@std@@QAEAAV01@PBD@Z 10011750 f i CanvasRenderingContext2d.obj
 0001:00010790       ?_Tidy@?$vector@NV?$allocator@N@std@@@std@@IAEXXZ 10011790 f i CanvasRenderingContext2d.obj
 0001:00010810       ?allocate@?$_Wrap_alloc@V?$allocator@N@std@@@std@@QAEPANI@Z 10011810 f i CanvasRenderingContext2d.obj
 0001:00010870       ?closure_init@@YA?AW4_cairo_status@@PAUclosure_t@@PAVCanvas@@II@Z 10011870 f   closure.obj
 0001:000108c0       ?closure_destroy@@YAXPAUclosure_t@@@Z 100118c0 f   closure.obj
 0001:000108f0       ___local_stdio_printf_options 100118f0 f i color.obj
 0001:00010900       _snprintf                  10011900 f i color.obj
 0001:00010a10       ?rgba_create@@YA?AUrgba_t@@I@Z 10011a10 f   color.obj
 0001:00010ab0       ?rgba_to_string@@YAXUrgba_t@@PADI@Z 10011ab0 f   color.obj
 0001:000117e0       ?rgba_from_string@@YAHPBDPAF@Z 100127e0 f   color.obj
 0001:00011a30       ?Initialize@Image@@SAXV?$Local@VObject@v8@@@v8@@@Z 10012a30 f   Image.obj
 0001:00011ea0       ?New@Image@@SAXABV?$FunctionCallbackInfo@VValue@v8@@@Nan@@@Z 10012ea0 f   Image.obj
 0001:00012010       ?GetComplete@Image@@SAXV?$Local@VString@v8@@@v8@@ABV?$PropertyCallbackInfo@VValue@v8@@@Nan@@@Z 10013010 f   Image.obj
 0001:00012060       ?GetDataMode@Image@@SAXV?$Local@VString@v8@@@v8@@ABV?$PropertyCallbackInfo@VValue@v8@@@Nan@@@Z 10013060 f   Image.obj
 0001:000120b0       ?SetDataMode@Image@@SAXV?$Local@VString@v8@@@v8@@V?$Local@VValue@v8@@@3@ABV?$PropertyCallbackInfo@X@Nan@@@Z 100130b0 f   Image.obj
 0001:000120f0       ?GetNaturalWidth@Image@@SAXV?$Local@VString@v8@@@v8@@ABV?$PropertyCallbackInfo@VValue@v8@@@Nan@@@Z 100130f0 f   Image.obj
 0001:00012140       ?GetHeight@ImageData@@SAXV?$Local@VString@v8@@@v8@@ABV?$PropertyCallbackInfo@VValue@v8@@@Nan@@@Z 10013140 f   ImageData.obj
 0001:00012140       ?GetWidth@Image@@SAXV?$Local@VString@v8@@@v8@@ABV?$PropertyCallbackInfo@VValue@v8@@@Nan@@@Z 10013140 f   Image.obj
 0001:00012190       ?SetWidth@Image@@SAXV?$Local@VString@v8@@@v8@@V?$Local@VValue@v8@@@3@ABV?$PropertyCallbackInfo@X@Nan@@@Z 10013190 f   Image.obj
 0001:000121d0       ?GetNaturalHeight@Image@@SAXV?$Local@VString@v8@@@v8@@ABV?$PropertyCallbackInfo@VValue@v8@@@Nan@@@Z 100131d0 f   Image.obj
 0001:00012220       ?GetHeight@Image@@SAXV?$Local@VString@v8@@@v8@@ABV?$PropertyCallbackInfo@VValue@v8@@@Nan@@@Z 10013220 f   Image.obj
 0001:00012270       ?SetHeight@Image@@SAXV?$Local@VString@v8@@@v8@@V?$Local@VValue@v8@@@3@ABV?$PropertyCallbackInfo@X@Nan@@@Z 10013270 f   Image.obj
 0001:000122b0       ?GetSource@Image@@SAXV?$Local@VString@v8@@@v8@@ABV?$PropertyCallbackInfo@VValue@v8@@@Nan@@@Z 100132b0 f   Image.obj
 0001:00012320       ?clearData@Image@@QAEXXZ   10013320 f   Image.obj
 0001:000123a0       ?SetSource@Image@@SAXV?$Local@VString@v8@@@v8@@V?$Local@VValue@v8@@@3@ABV?$PropertyCallbackInfo@X@Nan@@@Z 100133a0 f   Image.obj
 0001:00012620       ?loadFromBuffer@Image@@QAE?AW4_cairo_status@@PAEI@Z 10013620 f   Image.obj
 0001:00012720       ?readPNG@Image@@SA?AW4_cairo_status@@PAXPAEI@Z 10013720 f   Image.obj
 0001:00012750       ??_EImage@@EAEPAXI@Z       10013750 f i * CIL library *:* CIL module *
 0001:00012750       ??_GImage@@EAEPAXI@Z       10013750 f i Image.obj
 0001:000127c0       ?loaded@Image@@QAEXXZ      100137c0 f   Image.obj
 0001:00012860       ?loadSurface@Image@@QAE?AW4_cairo_status@@XZ 10013860 f   Image.obj
 0001:00012980       ?decodeJPEGIntoSurface@Image@@QAE?AW4_cairo_status@@PAUjpeg_decompress_struct@@@Z 10013980 f   Image.obj
 0001:00012b50       ?decodeJPEGBufferIntoMimeSurface@Image@@QAE?AW4_cairo_status@@PAEI@Z 10013b50 f   Image.obj
 0001:00012d50       ?clearMimeData@@YAXPAX@Z   10013d50 f   Image.obj
 0001:00012d80       ?assignDataAsMime@Image@@QAE?AW4_cairo_status@@PAEHPBD@Z 10013d80 f   Image.obj
 0001:00012e00       ?loadJPEGFromBuffer@Image@@QAE?AW4_cairo_status@@PAEI@Z 10013e00 f   Image.obj
 0001:00012f40       ?loadJPEG@Image@@QAE?AW4_cairo_status@@PAU_iobuf@@@Z 10013f40 f   Image.obj
 0001:00013010       ??_GImageData@@UAEPAXI@Z   10014010 f i ImageData.obj
 0001:00013010       ??_EImageData@@UAEPAXI@Z   10014010 f i * CIL library *:* CIL module *
 0001:00013030       ?Initialize@ImageData@@SAXV?$Local@VObject@v8@@@v8@@@Z 10014030 f   ImageData.obj
 0001:00013230       ?New@ImageData@@SAXABV?$FunctionCallbackInfo@VValue@v8@@@Nan@@@Z 10014230 f   ImageData.obj
 0001:00013630       ?GetWidth@ImageData@@SAXV?$Local@VString@v8@@@v8@@ABV?$PropertyCallbackInfo@VValue@v8@@@Nan@@@Z 10014630 f   ImageData.obj
 0001:00013680       ?init@@YAXV?$Local@VObject@v8@@@v8@@@Z 10014680 f   init.obj
 0001:00013850       ?to_utf8@@YAPADPAEIGG@Z    10014850 f   register_font.obj
 0001:00013960       ?_name_def_compare@@YAHPBX0@Z 10014960 f   register_font.obj
 0001:00013980       ?_free_g_list_item@@YAXPAX0@Z 10014980 f   register_font.obj
 0001:00013990       ?get_family_name@@YAPADPAUFT_FaceRec_@@@Z 10014990 f   register_font.obj
 0001:00013aa0       ?get_pango_weight@@YA?AW4PangoWeight@@G@Z 10014aa0 f   register_font.obj
 0001:00013b30       ?get_pango_stretch@@YA?AW4PangoStretch@@G@Z 10014b30 f   register_font.obj
 0001:00013ba0       ?get_pango_font_description@@YAPAU_PangoFontDescription@@PAE@Z 10014ba0 f   register_font.obj
 0001:00013ca0       ?toBuffer@@YA?AW4_cairo_status@@PAXPBEI@Z 10014ca0 f   toBuffer.obj
 0001:00013d4b       __imp_load_?ClearWeak@V8@v8@@CAPAXPAPAVObject@internal@2@@Z 10014d4b f   node:node.exe
 0001:00013d55       __tailMerge_node_exe       10014d55 f i node:node.exe
 0001:00013d66       __imp_load_?MakeWeak@V8@v8@@CAXPAPAVObject@internal@2@PAXP6AXABV?$WeakCallbackInfo@X@2@@ZW4WeakCallbackType@2@@Z 10014d66 f   node:node.exe
 0001:00013d70       __imp_load_?DisposeGlobal@V8@v8@@CAXPAPAVObject@internal@2@@Z 10014d70 f   node:node.exe
 0001:00013d7a       __imp_load_?Value@External@v8@@QBEPAXXZ 10014d7a f   node:node.exe
 0001:00013d84       __imp_load_?New@External@v8@@SA?AV?$Local@VExternal@v8@@@2@PAVIsolate@2@PAX@Z 10014d84 f   node:node.exe
 0001:00013d8e       __imp_load_?CheckMemoryPressure@Isolate@v8@@AAEXXZ 10014d8e f   node:node.exe
 0001:00013d98       __imp_load_?ReportExternalAllocationLimitReached@Isolate@v8@@AAEXXZ 10014d98 f   node:node.exe
 0001:00013da2       __imp_load_?GetCurrentContext@Isolate@v8@@QAE?AV?$Local@VContext@v8@@@2@XZ 10014da2 f   node:node.exe
 0001:00013dac       __imp_load_?GetCurrent@Isolate@v8@@SAPAV12@XZ 10014dac f   node:node.exe
 0001:00013db6       __imp_load_?CreateHandle@HandleScope@v8@@KAPAPAVObject@internal@2@PAVIsolate@42@PAV342@@Z 10014db6 f   node:node.exe
 0001:00013dc0       __imp_load_?CreateHandle@HandleScope@v8@@CAPAPAVObject@internal@2@PAVHeapObject@42@PAV342@@Z 10014dc0 f   node:node.exe
 0001:00013dca       __imp_load_??1HandleScope@v8@@QAE@XZ 10014dca f   node:node.exe
 0001:00013dd4       __imp_load_??0HandleScope@v8@@QAE@PAVIsolate@1@@Z 10014dd4 f   node:node.exe
 0001:00013dde       __imp_load_?SetClassName@FunctionTemplate@v8@@QAEXV?$Local@VString@v8@@@2@@Z 10014dde f   node:node.exe
 0001:00013de8       __imp_load_?InstanceTemplate@FunctionTemplate@v8@@QAE?AV?$Local@VObjectTemplate@v8@@@2@XZ 10014de8 f   node:node.exe
 0001:00013df2       __imp_load_?GetFunction@FunctionTemplate@v8@@QAE?AV?$Local@VFunction@v8@@@2@XZ 10014df2 f   node:node.exe
 0001:00013dfc       __imp_load_?New@FunctionTemplate@v8@@SA?AV?$Local@VFunctionTemplate@v8@@@2@PAVIsolate@2@P6AXABV?$FunctionCallbackInfo@VValue@v8@@@2@@ZV?$Local@VValue@v8@@@2@V?$Local@VSignature@v8@@@2@HW4ConstructorBehavior@2@@Z 10014dfc f   node:node.exe
 0001:00013e06       __imp_load_?ToLocalEmpty@V8@v8@@CAXXZ 10014e06 f   node:node.exe
 0001:00013e10       __imp_load_?GlobalizeReference@V8@v8@@CAPAPAVObject@internal@2@PAVIsolate@42@PAPAV342@@Z 10014e10 f   node:node.exe
 0001:00013e1a       __imp_load_?Uint32Value@Value@v8@@QBEIXZ 10014e1a f   node:node.exe
 0001:00013e24       __imp_load_?IsNumber@Value@v8@@QBE_NXZ 10014e24 f   node:node.exe
 0001:00013e2e       __imp_load_?Escape@EscapableHandleScope@v8@@AAEPAPAVObject@internal@2@PAPAV342@@Z 10014e2e f   node:node.exe
 0001:00013e38       __imp_load_??0EscapableHandleScope@v8@@QAE@PAVIsolate@1@@Z 10014e38 f   node:node.exe
 0001:00013e42       __imp_load_?NewFromUtf8@String@v8@@SA?AV?$MaybeLocal@VString@v8@@@2@PAVIsolate@2@PBDW4NewStringType@2@H@Z 10014e42 f   node:node.exe
 0001:00013e4c       __imp_load_?SlowGetInternalField@Object@v8@@AAE?AV?$Local@VValue@v8@@@2@H@Z 10014e4c f   node:node.exe
 0001:00013e56       __imp_load_?SetAlignedPointerInInternalField@Object@v8@@QAEXHPAX@Z 10014e56 f   node:node.exe
 0001:00013e60       __imp_load_?SetInternalField@Object@v8@@QAEXHV?$Local@VValue@v8@@@2@@Z 10014e60 f   node:node.exe
 0001:00013e6a       __imp_load_?InternalFieldCount@Object@v8@@QAEHXZ 10014e6a f   node:node.exe
 0001:00013e74       __imp_load_?Set@Object@v8@@QAE_NV?$Local@VValue@v8@@@2@0@Z 10014e74 f   node:node.exe
 0001:00013e7e       __imp_load_?SetInternalFieldCount@ObjectTemplate@v8@@QAEXH@Z 10014e7e f   node:node.exe
 0001:00013e88       __imp_load_?NewInstance@ObjectTemplate@v8@@QAE?AV?$MaybeLocal@VObject@v8@@@2@V?$Local@VContext@v8@@@2@@Z 10014e88 f   node:node.exe
 0001:00013e92       __imp_load_?New@ObjectTemplate@v8@@SA?AV?$Local@VObjectTemplate@v8@@@2@PAVIsolate@2@V?$Local@VFunctionTemplate@v8@@@2@@Z 10014e92 f   node:node.exe
 0001:00013e9c       __imp_load_??1EscapableHandleScope@v8@@QAE@XZ 10014e9c f   node:node.exe
 0001:00013ea6       __imp_load_?New@Object@v8@@SA?AV?$Local@VObject@v8@@@2@PAVIsolate@2@@Z 10014ea6 f   node:node.exe
 0001:00013eb0       __imp_load__uv_queue_work  10014eb0 f   node:node.exe
 0001:00013eba       __imp_load_?Global@Context@v8@@QAE?AV?$Local@VObject@v8@@@2@XZ 10014eba f   node:node.exe
 0001:00013ec4       __imp_load_?NewFromUnsigned@Integer@v8@@SA?AV?$Local@VInteger@v8@@@2@PAVIsolate@2@I@Z 10014ec4 f   node:node.exe
 0001:00013ece       __imp_load_?New@Signature@v8@@SA?AV?$Local@VSignature@v8@@@2@PAVIsolate@2@V?$Local@VFunctionTemplate@v8@@@2@@Z 10014ece f   node:node.exe
 0001:00013ed8       __imp_load_?ThrowException@Isolate@v8@@QAE?AV?$Local@VValue@v8@@@2@V32@@Z 10014ed8 f   node:node.exe
 0001:00013ee2       __imp_load_?Length@TypedArray@v8@@QAEIXZ 10014ee2 f   node:node.exe
 0001:00013eec       __imp_load_?Set@Template@v8@@QAEXV?$Local@VName@v8@@@2@V?$Local@VData@v8@@@2@W4PropertyAttribute@2@@Z 10014eec f   node:node.exe
 0001:00013ef6       __imp_load_?ByteLength@ArrayBufferView@v8@@QAEIXZ 10014ef6 f   node:node.exe
 0001:00013f00       __imp_load_?ByteOffset@ArrayBufferView@v8@@QAEIXZ 10014f00 f   node:node.exe
 0001:00013f0a       __imp_load_?Buffer@ArrayBufferView@v8@@QAE?AV?$Local@VArrayBuffer@v8@@@2@XZ 10014f0a f   node:node.exe
 0001:00013f14       __imp_load_?Error@Exception@v8@@SA?AV?$Local@VValue@v8@@@2@V?$Local@VString@v8@@@2@@Z 10014f14 f   node:node.exe
 0001:00013f1e       __imp_load_?TypeError@Exception@v8@@SA?AV?$Local@VValue@v8@@@2@V?$Local@VString@v8@@@2@@Z 10014f1e f   node:node.exe
 0001:00013f28       __imp_load_?RangeError@Exception@v8@@SA?AV?$Local@VValue@v8@@@2@V?$Local@VString@v8@@@2@@Z 10014f28 f   node:node.exe
 0001:00013f32       __imp_load_?New@AccessorSignature@v8@@SA?AV?$Local@VAccessorSignature@v8@@@2@PAVIsolate@2@V?$Local@VFunctionTemplate@v8@@@2@@Z 10014f32 f   node:node.exe
 0001:00013f3c       __imp_load_?HasInstance@FunctionTemplate@v8@@QAE_NV?$Local@VValue@v8@@@2@@Z 10014f3c f   node:node.exe
 0001:00013f46       __imp_load_?PrototypeTemplate@FunctionTemplate@v8@@QAE?AV?$Local@VObjectTemplate@v8@@@2@XZ 10014f46 f   node:node.exe
 0001:00013f50       __imp_load_?GetContents@ArrayBuffer@v8@@QAE?AVContents@12@XZ 10014f50 f   node:node.exe
 0001:00013f5a       __imp_load_?StrictEquals@Value@v8@@QBE_NV?$Local@VValue@v8@@@2@@Z 10014f5a f   node:node.exe
 0001:00013f64       __imp_load_?NumberValue@Value@v8@@QBENXZ 10014f64 f   node:node.exe
 0001:00013f6e       __imp_load_?BooleanValue@Value@v8@@QBE_NXZ 10014f6e f   node:node.exe
 0001:00013f78       __imp_load_?ToUint32@Value@v8@@QBE?AV?$MaybeLocal@VUint32@v8@@@2@V?$Local@VContext@v8@@@2@@Z 10014f78 f   node:node.exe
 0001:00013f82       __imp_load_?IsUint8ClampedArray@Value@v8@@QBE_NXZ 10014f82 f   node:node.exe
 0001:00013f8c       __imp_load_?IsArrayBufferView@Value@v8@@QBE_NXZ 10014f8c f   node:node.exe
 0001:00013f96       __imp_load_?IsUint32@Value@v8@@QBE_NXZ 10014f96 f   node:node.exe
 0001:00013fa0       __imp_load_?IsBoolean@Value@v8@@QBE_NXZ 10014fa0 f   node:node.exe
 0001:00013faa       __imp_load_?IsObject@Value@v8@@QBE_NXZ 10014faa f   node:node.exe
 0001:00013fb4       __imp_load_?IsFunction@Value@v8@@QBE_NXZ 10014fb4 f   node:node.exe
 0001:00013fbe       __imp_load_?ReThrow@TryCatch@v8@@QAE?AV?$Local@VValue@v8@@@2@XZ 10014fbe f   node:node.exe
 0001:00013fc8       __imp_load_?HasCaught@TryCatch@v8@@QBE_NXZ 10014fc8 f   node:node.exe
 0001:00013fd2       __imp_load_??1TryCatch@v8@@QAE@XZ 10014fd2 f   node:node.exe
 0001:00013fdc       __imp_load_??0TryCatch@v8@@QAE@PAVIsolate@1@@Z 10014fdc f   node:node.exe
 0001:00013fe6       __imp_load_??1Utf8Value@String@v8@@QAE@XZ 10014fe6 f   node:node.exe
 0001:00013ff0       __imp_load_??0Utf8Value@String@v8@@QAE@V?$Local@VValue@v8@@@2@@Z 10014ff0 f   node:node.exe
 0001:00013ffa       __imp_load_?New@Number@v8@@SA?AV?$Local@VNumber@v8@@@2@PAVIsolate@2@N@Z 10014ffa f   node:node.exe
 0001:00014004       __imp_load_?SlowGetAlignedPointerFromInternalField@Object@v8@@AAEPAXH@Z 10015004 f   node:node.exe
 0001:0001400e       __imp_load_?Get@Object@v8@@QAE?AV?$Local@VValue@v8@@@2@V32@@Z 1001500e f   node:node.exe
 0001:00014018       __imp_load_?Set@Object@v8@@QAE?AV?$Maybe@_N@2@V?$Local@VContext@v8@@@2@V?$Local@VValue@v8@@@2@1@Z 10015018 f   node:node.exe
 0001:00014022       __imp_load_?Call@Function@v8@@QAE?AV?$MaybeLocal@VValue@v8@@@2@V?$Local@VContext@v8@@@2@V?$Local@VValue@v8@@@2@HQAV52@@Z 10015022 f   node:node.exe
 0001:0001402c       __imp_load_?SetAccessor@ObjectTemplate@v8@@QAEXV?$Local@VName@v8@@@2@P6AX0ABV?$PropertyCallbackInfo@VValue@v8@@@2@@ZP6AX0V?$Local@VValue@v8@@@2@ABV?$PropertyCallbackInfo@X@2@@Z3W4AccessControl@2@W4PropertyAttribute@2@V?$Local@VAccessorSignature@v8@@@2@@Z 1001502c f   node:node.exe
 0001:00014036       __imp_load_?EmitAsyncDestroy@node@@YAXPAVIsolate@v8@@Uasync_context@1@@Z 10015036 f   node:node.exe
 0001:00014040       __imp_load_?New@Buffer@node@@YA?AV?$MaybeLocal@VObject@v8@@@v8@@PAVIsolate@4@PADIP6AX1PAX@Z2@Z 10015040 f   node:node.exe
 0001:0001404a       __imp_load_?New@Buffer@node@@YA?AV?$MaybeLocal@VObject@v8@@@v8@@PAVIsolate@4@PADI@Z 1001504a f   node:node.exe
 0001:00014054       __imp_load_?Data@Buffer@node@@YAPADV?$Local@VObject@v8@@@v8@@@Z 10015054 f   node:node.exe
 0001:0001405e       __imp_load_?Copy@Buffer@node@@YA?AV?$MaybeLocal@VObject@v8@@@v8@@PAVIsolate@4@PBDI@Z 1001505e f   node:node.exe
 0001:00014068       __imp_load_?MakeCallback@node@@YA?AV?$MaybeLocal@VValue@v8@@@v8@@PAVIsolate@3@V?$Local@VObject@v8@@@3@V?$Local@VFunction@v8@@@3@HPAV?$Local@VValue@v8@@@3@Uasync_context@1@@Z 10015068 f   node:node.exe
 0001:00014072       __imp_load_?EmitAsyncInit@node@@YA?AUasync_context@1@PAVIsolate@v8@@V?$Local@VObject@v8@@@4@V?$Local@VString@v8@@@4@N@Z 10015072 f   node:node.exe
 0001:0001407c       __imp_load__uv_default_loop 1001507c f   node:node.exe
 0001:00014086       __imp_load_?ToObject@Value@v8@@QBE?AV?$Local@VObject@v8@@@2@XZ 10015086 f   node:node.exe
 0001:00014090       __imp_load_?New@Uint8ClampedArray@v8@@SA?AV?$Local@VUint8ClampedArray@v8@@@2@V?$Local@VArrayBuffer@v8@@@2@II@Z 10015090 f   node:node.exe
 0001:0001409a       __imp_load_?New@Integer@v8@@SA?AV?$Local@VInteger@v8@@@2@PAVIsolate@2@H@Z 1001509a f   node:node.exe
 0001:000140a4       __imp_load_?New@Array@v8@@SA?AV?$Local@VArray@v8@@@2@PAVIsolate@2@H@Z 100150a4 f   node:node.exe
 0001:000140ae       __imp_load_?Length@Array@v8@@QBEIXZ 100150ae f   node:node.exe
 0001:000140b8       __imp_load_?GetFunction@FunctionTemplate@v8@@QAE?AV?$MaybeLocal@VFunction@v8@@@2@V?$Local@VContext@v8@@@2@@Z 100150b8 f   node:node.exe
 0001:000140c2       __imp_load_?New@ArrayBuffer@v8@@SA?AV?$Local@VArrayBuffer@v8@@@2@PAVIsolate@2@I@Z 100150c2 f   node:node.exe
 0001:000140cc       __imp_load_?Int32Value@Value@v8@@QBEHXZ 100150cc f   node:node.exe
 0001:000140d6       __imp_load_?ToInt32@Value@v8@@QBE?AV?$MaybeLocal@VInt32@v8@@@2@V?$Local@VContext@v8@@@2@@Z 100150d6 f   node:node.exe
 0001:000140e0       __imp_load_?IsInt32@Value@v8@@QBE_NXZ 100150e0 f   node:node.exe
 0001:000140ea       __imp_load_?IsArray@Value@v8@@QBE_NXZ 100150ea f   node:node.exe
 0001:000140f4       __imp_load_?New@Uint16Array@v8@@SA?AV?$Local@VUint16Array@v8@@@2@V?$Local@VArrayBuffer@v8@@@2@II@Z 100150f4 f   node:node.exe
 0001:000140fe       __imp_load_?Get@Object@v8@@QAE?AV?$Local@VValue@v8@@@2@I@Z 100150fe f   node:node.exe
 0001:00014108       __imp_load_?NewInstance@Function@v8@@QBE?AV?$MaybeLocal@VObject@v8@@@2@V?$Local@VContext@v8@@@2@HQAV?$Local@VValue@v8@@@2@@Z 10015108 f   node:node.exe
 0001:00014112       __imp_load_?ToString@Value@v8@@QBE?AV?$Local@VString@v8@@@2@XZ 10015112 f   node:node.exe
 0001:0001411c       __imp_load_?Call@Function@v8@@QAE?AV?$Local@VValue@v8@@@2@V32@HQAV32@@Z 1001511c f   node:node.exe
 0001:00014126       __imp_load_?HasInstance@Buffer@node@@YA_NV?$Local@VValue@v8@@@v8@@@Z 10015126 f   node:node.exe
 0001:00014130       __imp_load_?Length@Buffer@node@@YAIV?$Local@VObject@v8@@@v8@@@Z 10015130 f   node:node.exe
 0001:0001413a       __imp_load_?IsUint16Array@Value@v8@@QBE_NXZ 1001513a f   node:node.exe
 0001:00014144       __imp_load__node_module_register 10015144 f   node:node.exe
 0001:0001414e       ??0_Init_locks@std@@QAE@XZ 1001514e f   libcpmt:xlock.obj
 0001:0001417b       ??1_Init_locks@std@@QAE@XZ 1001517b f   libcpmt:xlock.obj
 0001:000141a2       ??1_Fac_node@std@@QAE@XZ   100151a2 f i libcpmt:locale0.obj
 0001:00014201       ??1_Fac_tidy_reg_t@std@@QAE@XZ 10015201 f i libcpmt:locale0.obj
 0001:00014228       ??0bad_alloc@std@@QAE@ABV01@@Z 10015228 f i libcpmt:xthrow.obj
 0001:00014243       ??0bad_alloc@std@@QAE@XZ   10015243 f i libcpmt:xthrow.obj
 0001:0001425b       ??0exception@std@@QAE@ABV01@@Z 1001525b f i libcpmt:xthrow.obj
 0001:00014287       ??0exception@std@@QAE@QBD@Z 10015287 f i libcpmt:xthrow.obj
 0001:000142be       ??0length_error@std@@QAE@ABV01@@Z 100152be f i libcpmt:xthrow.obj
 0001:000142d9       ??0length_error@std@@QAE@PBD@Z 100152d9 f i libcpmt:xthrow.obj
 0001:000142fa       ??0logic_error@std@@QAE@ABV01@@Z 100152fa f i libcpmt:xthrow.obj
 0001:00014315       ??0out_of_range@std@@QAE@ABV01@@Z 10015315 f i libcpmt:xthrow.obj
 0001:00014330       ??0out_of_range@std@@QAE@PBD@Z 10015330 f i libcpmt:xthrow.obj
 0001:00014351       ??1bad_array_new_length@std@@UAE@XZ 10015351 f i LIBCMT:throw_bad_alloc.obj
 0001:00014351       ??1length_error@std@@UAE@XZ 10015351 f i libcpmt:xthrow.obj
 0001:00014351       ??1bad_exception@std@@UAE@XZ 10015351 f i libvcruntime:frame.obj
 0001:00014351       ??1bad_alloc@std@@UAE@XZ   10015351 f i libcpmt:xthrow.obj
 0001:00014351       ??1out_of_range@std@@UAE@XZ 10015351 f i libcpmt:xthrow.obj
 0001:00014362       ??_Gbad_exception@std@@UAEPAXI@Z 10015362 f i libvcruntime:frame.obj
 0001:00014362       ??_Gout_of_range@std@@UAEPAXI@Z 10015362 f i libcpmt:xthrow.obj
 0001:00014362       ??_Gexception@std@@UAEPAXI@Z 10015362 f i libcpmt:xthrow.obj
 0001:00014362       ??_Ebad_array_new_length@std@@UAEPAXI@Z 10015362 f i LIBCMT:throw_bad_alloc.obj
 0001:00014362       ??_Glength_error@std@@UAEPAXI@Z 10015362 f i libcpmt:xthrow.obj
 0001:00014362       ??_Elength_error@std@@UAEPAXI@Z 10015362 f i libcpmt:xthrow.obj
 0001:00014362       ??_Gbad_array_new_length@std@@UAEPAXI@Z 10015362 f i LIBCMT:throw_bad_alloc.obj
 0001:00014362       ??_Gbad_alloc@std@@UAEPAXI@Z 10015362 f i libcpmt:xthrow.obj
 0001:00014362       ??_Eexception@std@@UAEPAXI@Z 10015362 f i libcpmt:xthrow.obj
 0001:00014362       ??_Glogic_error@std@@UAEPAXI@Z 10015362 f i libcpmt:xthrow.obj
 0001:00014362       ??_Elogic_error@std@@UAEPAXI@Z 10015362 f i libcpmt:xthrow.obj
 0001:00014362       ??_Ebad_exception@std@@UAEPAXI@Z 10015362 f i libvcruntime:frame.obj
 0001:00014362       ??_Ebad_alloc@std@@UAEPAXI@Z 10015362 f i libcpmt:xthrow.obj
 0001:00014362       ??_Eout_of_range@std@@UAEPAXI@Z 10015362 f i libcpmt:xthrow.obj
 0001:0001438f       ?__scrt_throw_std_bad_alloc@@YAXXZ 1001538f f   LIBCMT:throw_bad_alloc.obj
 0001:0001438f       ?_Xbad_alloc@std@@YAXXZ    1001538f f   libcpmt:xthrow.obj
 0001:000143ac       ?_Xlength_error@std@@YAXPBD@Z 100153ac f   libcpmt:xthrow.obj
 0001:000143cc       ?_Xout_of_range@std@@YAXPBD@Z 100153cc f   libcpmt:xthrow.obj
 0001:000143ec       ?what@exception@std@@UBEPBDXZ 100153ec f i libcpmt:xthrow.obj
 0001:000143f9       __Mtxdst                   100153f9 f   libcpmt:xmtx.obj
 0001:00014407       __Mtxinit                  10015407 f   libcpmt:xmtx.obj
 0001:0001441e       ??1_Init_atexit@@QAE@XZ    1001541e f i libcpmt:iosptrs.obj
 0001:00014482       __freea_crt                10015482 f i libcpmt:StlLCMapStringA.obj
 0001:0001484a       ___crtInitializeCriticalSectionEx 1001584a f   libcpmt:winapisupp.obj
 0001:00014882       @__security_check_cookie@4 10015882 f   LIBCMT:_secchk_.obj
 0001:00014953       ??$__crt_fast_encode_pointer@P6GXPAU_RTL_CONDITION_VARIABLE@@@Z@@YAP6GXPAU_RTL_CONDITION_VARIABLE@@@ZQ6GX0@Z@Z 10015953 f i LIBCMT:thread_safe_statics.obj
 0001:00014953       ??$__crt_fast_encode_pointer@P6GHPAU_RTL_CONDITION_VARIABLE@@PAU_RTL_CRITICAL_SECTION@@K@Z@@YAP6GHPAU_RTL_CONDITION_VARIABLE@@PAU_RTL_CRITICAL_SECTION@@K@ZQ6GH01K@Z@Z 10015953 f i LIBCMT:thread_safe_statics.obj
 0001:00014953       ??$__crt_fast_encode_pointer@PAP6AXXZ@@YAPAP6AXXZQAP6AXXZ@Z 10015953 f i LIBCMT:utility.obj
 0001:00014953       ??$__crt_fast_encode_pointer@PAX@@YAPAXQAX@Z 10015953 f i libvcruntime:winapi_downlevel.obj
 0001:0001498c       ??2@YAPAXI@Z               1001598c f   LIBCMT:new_scalar.obj
 0001:00014a03       ___scrt_acquire_startup_lock 10015a03 f   LIBCMT:utility.obj
 0001:00014a38       ___scrt_dllmain_after_initialize_c 10015a38 f   LIBCMT:utility.obj
 0001:00014a63       ___scrt_dllmain_before_initialize_c 10015a63 f   LIBCMT:utility.obj
 0001:00014a71       ___scrt_dllmain_crt_thread_attach 10015a71 f   LIBCMT:utility.obj
 0001:00014a90       ___scrt_dllmain_crt_thread_detach 10015a90 f   LIBCMT:utility.obj
 0001:00014a9d       ___scrt_dllmain_exception_filter 10015a9d f   LIBCMT:utility.obj
 0001:00014ad0       ___scrt_dllmain_uninitialize_c 10015ad0 f   LIBCMT:utility.obj
 0001:00014af3       ___scrt_dllmain_uninitialize_critical 10015af3 f   LIBCMT:utility.obj
 0001:00014b00       ___scrt_initialize_crt     10015b00 f   LIBCMT:utility.obj
 0001:00014b39       ___scrt_initialize_onexit_tables 10015b39 f   LIBCMT:utility.obj
 0001:00014bd0       ___scrt_is_nonwritable_in_current_image 10015bd0 f   LIBCMT:utility.obj
 0001:00014c5a       ___scrt_release_startup_lock 10015c5a f   LIBCMT:utility.obj
 0001:00014c77       ___scrt_uninitialize_crt   10015c77 f   LIBCMT:utility.obj
 0001:00014c9f       __onexit                   10015c9f f   LIBCMT:utility.obj
 0001:00014cda       _atexit                    10015cda f   LIBCMT:utility.obj
 0001:00014cef       ??3@YAXPAX@Z               10015cef f   LIBCMT:delete_scalar.obj
 0001:00014cf4       ??3@YAXPAXI@Z              10015cf4 f   LIBCMT:delete_scalar_size.obj
 0001:0001500a       __DllMainCRTStartup@12     1001600a f   LIBCMT:dll_dllmain.obj
 0001:0001502d       @_guard_check_icall@4      1001602d f i LIBCMT:checkcfg.obj
 0001:00015033       __EH_prolog3_catch         10016033 f   LIBCMT:ehprolg3.obj
 0001:0001506a       ??_Etype_info@@UAEPAXI@Z   1001606a f i LIBCMT:std_type_info_static.obj
 0001:0001506a       ??_Gtype_info@@UAEPAXI@Z   1001606a f i LIBCMT:std_type_info_static.obj
 0001:00015090       __alloca_probe_16          10016090 f   LIBCMT:alloca16.obj
 0001:000150a6       __alloca_probe_8           100160a6     LIBCMT:alloca16.obj
 0001:000150c0       __allmul                   100160c0 f   LIBCMT:llmul.obj
 0001:00015100       __aulldiv                  10016100 f   LIBCMT:ulldiv.obj
 0001:00015168       ___raise_securityfailure   10016168 f   LIBCMT:gs_report.obj
 0001:00015190       ___report_gsfailure        10016190 f   LIBCMT:gs_report.obj
 0001:0001528b       ___scrt_fastfail           1001628b f   LIBCMT:utility_desktop.obj
 0001:000153a6       __crt_debugger_hook        100163a6 f   LIBCMT:utility_desktop.obj
 0001:000153ae       ??0bad_array_new_length@std@@QAE@ABV01@@Z 100163ae f i LIBCMT:throw_bad_alloc.obj
 0001:000153c9       ??0bad_array_new_length@std@@QAE@XZ 100163c9 f i LIBCMT:throw_bad_alloc.obj
 0001:000153e1       ?__scrt_throw_std_bad_array_new_length@@YAXXZ 100163e1 f   LIBCMT:throw_bad_alloc.obj
 0001:000153fe       ___isa_available_init      100163fe f   LIBCMT:_cpu_disp_.obj
 0001:00015598       __get_startup_argv_mode    10016598 f   LIBCMT:argv_mode.obj
 0001:0001559c       ___scrt_is_ucrt_dll_in_use 1001659c f   LIBCMT:ucrt_detection.obj
 0001:000155b0       __SEH_prolog4              100165b0 f   LIBCMT:_sehprolg4_.obj
 0001:000155f6       __SEH_epilog4              100165f6 f   LIBCMT:_sehprolg4_.obj
 0001:0001560b       ___security_init_cookie    1001660b f   LIBCMT:gs_support.obj
 0001:000156a7       _DllMain@12                100166a7 f   LIBCMT:dll_dllmain_stub.obj
 0001:000156ad       ?__scrt_initialize_type_info@@YAXXZ 100166ad f   LIBCMT:tncleanup.obj
 0001:000156b9       ?__scrt_uninitialize_type_info@@YAXXZ 100166b9 f   LIBCMT:tncleanup.obj
 0001:000156c5       ___local_stdio_scanf_options 100166c5 f i LIBCMT:default_local_stdio_options.obj
 0001:000156cb       ___scrt_initialize_default_local_stdio_options 100166cb f   LIBCMT:default_local_stdio_options.obj
 0001:000156e8       ___scrt_get_dyn_tls_init_callback 100166e8 f   LIBCMT:dyn_tls_init.obj
 0001:000156ee       __RTC_Initialize           100166ee f   LIBCMT:_initsect_.obj
 0001:00015719       __RTC_Terminate            10016719 f   LIBCMT:_initsect_.obj
 0001:00015750       __alloca_probe             10016750 f   LIBCMT:chkstk.obj
 0001:00015750       __chkstk                   10016750 f   LIBCMT:chkstk.obj
 0001:00015780       _memmove                   10016780 f   libvcruntime:memmove.obj
 0001:00015cf4       __get_purecall_handler     10016cf4 f   libvcruntime:purevirt.obj
 0001:00015d13       __purecall                 10016d13 f   libvcruntime:purevirt.obj
 0001:00015d2e       ___DestructExceptionObject 10016d2e f   libvcruntime:frame.obj
 0001:00015dc2       ??0bad_exception@std@@QAE@ABV01@@Z 10016dc2 f i libvcruntime:frame.obj
 0001:00015ddd       ??0bad_exception@std@@QAE@XZ 10016ddd f i libvcruntime:frame.obj
 0001:0001660e       ?_CallMemberFunction2@@YGXQAX00H@Z 1001760e f i libvcruntime:frame.obj
 0001:0001660e       ?_CallMemberFunction0@@YGXQAX0@Z 1001760e f i libvcruntime:frame.obj
 0001:0001660e       ?_CallMemberFunction1@@YGXQAX00@Z 1001760e f i libvcruntime:frame.obj
 0001:00016615       ___AdjustPointer           10017615 f   libvcruntime:frame.obj
 0001:0001663a       ___BuildCatchObject        1001763a f   libvcruntime:frame.obj
 0001:000166c9       ___BuildCatchObjectHelper  100176c9 f   libvcruntime:frame.obj
 0001:000167f7       ___FrameUnwindFilter       100177f7 f   libvcruntime:frame.obj
 0001:0001683c       ___FrameUnwindToState      1001783c f   libvcruntime:frame.obj
 0001:00016904       ___InternalCxxFrameHandler 10017904 f   libvcruntime:frame.obj
 0001:00016a00       ___TypeMatch               10017a00 f   libvcruntime:frame.obj
 0001:00016a8e       ___std_terminate           10017a8e f   libvcruntime:frame.obj
 0001:00016a93       _longjmp                   10017a93 f   libvcruntime:longjmpc.obj
 0001:00016ab0       _strstr                    10017ab0 f   libvcruntime:strstr.obj
 0001:00016d13       ?_CallCatchBlock2@@YAPAXPAUEHRegistrationNode@@PBU_s_FuncInfo@@PAXHK@Z 10017d13 f   libvcruntime:trnsctrl.obj
 0001:00016d73       ?_CallSETranslator@@YAHPAUEHExceptionRecord@@PAUEHRegistrationNode@@PAX2PBU_s_FuncInfo@@H1@Z 10017d73 f   libvcruntime:trnsctrl.obj
 0001:00016e50       ?_GetRangeOfTrysToCheck@@YAPBU_s_TryBlockMapEntry@@PBU_s_FuncInfo@@HHPAI1@Z 10017e50 f   libvcruntime:trnsctrl.obj
 0001:00016ec8       ?_JumpToContinuation@@YGXPAXPAUEHRegistrationNode@@@Z 10017ec8 f   libvcruntime:trnsctrl.obj
 0001:00016efa       ?_UnwindNestedFrames@@YGXPAUEHRegistrationNode@@PAUEHExceptionRecord@@@Z 10017efa f   libvcruntime:trnsctrl.obj
 0001:00016f4f       __CatchGuardHandler        10017f4f f   libvcruntime:trnsctrl.obj
 0001:00016f80       __CreateFrameInfo          10017f80 f   libvcruntime:trnsctrl.obj
 0001:00016fa4       __FindAndUnlinkFrame       10017fa4 f   libvcruntime:trnsctrl.obj
 0001:00016fee       __IsExceptionObjectToBeDestroyed 10017fee f   libvcruntime:trnsctrl.obj
 0001:00017014       __TranslatorGuardHandler   10018014 f   libvcruntime:trnsctrl.obj
 0001:000170b3       ___CxxFrameHandler3        100180b3 f   libvcruntime:trnsctrl.obj
 0001:000170f0       _memcpy                    100180f0 f   libvcruntime:memcpy.obj
 0001:00017664       ___std_exception_copy      10018664 f   libvcruntime:std_exception.obj
 0001:000176c7       ___std_exception_destroy   100186c7 f   libvcruntime:std_exception.obj
 0001:000176e6       __CxxThrowException@8      100186e6 f   libvcruntime:throw.obj
 0001:00017760       _memset                    10018760 f   libvcruntime:memset.obj
 0001:000178c0       _memchr                    100188c0 f   libvcruntime:memchr.obj
 0001:00017a8e       ___vcrt_FlsAlloc           10018a8e f   libvcruntime:winapi_downlevel.obj
 0001:00017ac8       ___vcrt_FlsFree            10018ac8 f   libvcruntime:winapi_downlevel.obj
 0001:00017b02       ___vcrt_FlsGetValue        10018b02 f   libvcruntime:winapi_downlevel.obj
 0001:00017b3c       ___vcrt_FlsSetValue        10018b3c f   libvcruntime:winapi_downlevel.obj
 0001:00017b79       ___vcrt_InitializeCriticalSectionEx 10018b79 f   libvcruntime:winapi_downlevel.obj
 0001:00017bbf       ___vcrt_initialize_winapi_thunks 10018bbf f   libvcruntime:winapi_downlevel.obj
 0001:00017bf9       ___vcrt_uninitialize_winapi_thunks 10018bf9 f   libvcruntime:winapi_downlevel.obj
 0001:00017c2b       ___vcrt_initialize         10018c2b f   libvcruntime:initialization.obj
 0001:00017c54       ___vcrt_thread_attach      10018c54 f   libvcruntime:initialization.obj
 0001:00017c5f       ___vcrt_thread_detach      10018c5f f   libvcruntime:initialization.obj
 0001:00017c6a       ___vcrt_uninitialize       10018c6a f   libvcruntime:initialization.obj
 0001:00017c89       ___vcrt_uninitialize_critical 10018c89 f   libvcruntime:initialization.obj
 0001:00017ce0       __except_handler4          10018ce0 f   libvcruntime:_chandler4_.obj
 0001:00017e46       ___std_type_info_compare   10018e46 f   libvcruntime:std_type_info.obj
 0001:00017e82       ___std_type_info_destroy_list 10018e82 f   libvcruntime:std_type_info.obj
 0001:00017ea5       ___vcrt_initialize_pure_virtual_call_handler 10018ea5 f   libvcruntime:purevirt_data.obj
 0001:00017ec2       _unexpected                10018ec2 f   libvcruntime:unexpected.obj
 0001:00017ede       ___vcrt_freefls@4          10018ede f   libvcruntime:per_thread_data.obj
 0001:00017efa       ___vcrt_freeptd            10018efa f   libvcruntime:per_thread_data.obj
 0001:00017f30       ___vcrt_getptd             10018f30 f   libvcruntime:per_thread_data.obj
 0001:00017f3e       ___vcrt_getptd_noexit      10018f3e f   libvcruntime:per_thread_data.obj
 0001:00017fd0       ___vcrt_initialize_ptd     10018fd0 f   libvcruntime:per_thread_data.obj
 0001:00018003       ___vcrt_uninitialize_ptd   10019003 f   libvcruntime:per_thread_data.obj
 0001:00018020       __CallSettingFrame@12      10019020 f   libvcruntime:lowhelpr.obj
 0001:00018047       __NLG_Return               10019047     libvcruntime:lowhelpr.obj
 0001:00018070       ___longjmp_internal        10019070 f   libvcruntime:_longjmp_.obj
 0001:00018130       _strchr                    10019130 f   libvcruntime:strchr.obj
 0001:0001819e       ___from_strstr_to_strchr   1001919e     libvcruntime:strchr.obj
 0001:0001825b       ___vcrt_initialize_locks   1001925b f   libvcruntime:locks.obj
 0001:00018297       ___vcrt_uninitialize_locks 10019297 f   libvcruntime:locks.obj
 0001:000182d0       __local_unwind4            100192d0 f   libvcruntime:_exsup4_.obj
 0001:000183a6       __seh_longjmp_unwind4@4    100193a6 f   libvcruntime:_exsup4_.obj
 0001:000183ce       @_EH4_CallFilterFunc@8     100193ce f   libvcruntime:_exsup4_.obj
 0001:000183e5       @_EH4_TransferToHandler@8  100193e5 f   libvcruntime:_exsup4_.obj
 0001:000183fe       @_EH4_GlobalUnwind2@8      100193fe f   libvcruntime:_exsup4_.obj
 0001:00018417       @_EH4_LocalUnwind@16       10019417 f   libvcruntime:_exsup4_.obj
 0001:00018430       __global_unwind2           10019430 f   libvcruntime:_exsup_.obj
 0001:00018495       __local_unwind2            10019495 f   libvcruntime:_exsup_.obj
 0001:00018519       __abnormal_termination     10019519 f   libvcruntime:_exsup_.obj
 0001:0001853c       __NLG_Notify1              1001953c f   libvcruntime:_exsup_.obj
 0001:00018545       __NLG_Notify               10019545 f   libvcruntime:_exsup_.obj
 0001:0001855c       __NLG_Dispatch2            1001955c     libvcruntime:_exsup_.obj
 0001:0001855c       __NLG_Dispatch             1001955c     libvcruntime:_exsup_.obj
 0001:00018564       __NLG_Call                 10019564 f   libvcruntime:_exsup_.obj
 0001:00018566       __NLG_Return2              10019566     libvcruntime:_exsup_.obj
 0001:00018567       __rt_probe_read4@4         10019567 f   libvcruntime:_sehsupp_.obj
 0001:000185ab       _abort                     100195ab f   libucrt:abort.obj
 0001:000185ee       ___acrt_call_reportfault   100195ee f   libucrt:invalid_parameter.obj
 0001:00018729       ___acrt_initialize_invalid_parameter_handler 10019729 f   libucrt:invalid_parameter.obj
 0001:0001873d       __invalid_parameter        1001973d f   libucrt:invalid_parameter.obj
 0001:000187b8       __invalid_parameter_noinfo 100197b8 f   libucrt:invalid_parameter.obj
 0001:000187c8       __invalid_parameter_noinfo_noreturn 100197c8 f   libucrt:invalid_parameter.obj
 0001:000187e5       __invoke_watson            100197e5 f   libucrt:invalid_parameter.obj
 0001:00018818       _free                      10019818 f   libucrt:free.obj
 0001:00018e81       ??$ftprintf@PAU_iobuf@@PB_WABQB_WABQB_WABI@?$__crt_char_traits@_W@@SAH$$QAPAU_iobuf@@$$QAPB_WABQB_W2ABI@Z 10019e81 f i libucrt:assert.obj
 0001:00018f60       __vfwprintf_l              10019f60 f i libucrt:assert.obj
 0001:00018f85       __vswprintf_c_l            10019f85 f i libucrt:assert.obj
 0001:00018fb4       __wassert                  10019fb4 f   libucrt:assert.obj
 0001:00018ffc       _fwprintf                  10019ffc f i libucrt:assert.obj
 0001:00019017       _swprintf                  1001a017 f i libucrt:assert.obj
 0001:00019035       _malloc                    1001a035 f   libucrt:malloc.obj
 0001:00019040       __finite                   1001a040 f   libucrt:ieeemisc.obj
 0001:0001905a       __fpclass                  1001a05a f   libucrt:ieeemisc.obj
 0001:000190fe       __isnan                    1001a0fe f   libucrt:ieeemisc.obj
 0001:00019134       ___acrt_initialize_stdio   1001a134 f   libucrt:_file.obj
 0001:000191fc       ___acrt_iob_func           1001a1fc f   libucrt:_file.obj
 0001:0001920c       ___acrt_uninitialize_stdio 1001a20c f   libucrt:_file.obj
 0001:00019258       __lock_file                1001a258 f   libucrt:_file.obj
 0001:0001926c       __unlock_file              1001a26c f   libucrt:_file.obj
 0001:00019280       ??$?RV<lambda_ab9923ffb5d694ec0d78876dd103e44f>@@AAV<lambda_481dd5778c961fbcd3b60b650e9b9dc4>@@V<lambda_7923d86c9e3f319b415918ec4b39749c>@@@?$__crt_seh_guarded_call@H@@QAEH$$QAV<lambda_ab9923ffb5d694ec0d78876dd103e44f>@@AAV<lambda_481dd5778c961fbcd3b60b650e9b9dc4>@@$$QAV<lambda_7923d86c9e3f319b415918ec4b39749c>@@@Z 1001a280 f i libucrt:output.obj
 0001:000192d1       ??$__acrt_lock_stream_and_call@V<lambda_481dd5778c961fbcd3b60b650e9b9dc4>@@@@YAHQAU_iobuf@@$$QAV<lambda_481dd5778c961fbcd3b60b650e9b9dc4>@@@Z 1001a2d1 f i libucrt:output.obj
 0001:000195fa       ??$count@D@formatting_buffer@__crt_stdio_output@@QBEIXZ 1001a5fa f i libucrt:output.obj
 0001:00019612       ??$ensure_buffer_is_big_enough@D@formatting_buffer@__crt_stdio_output@@QAE_NI@Z 1001a612 f i libucrt:output.obj
 0001:00019698       ??$is_wide_character_specifier@D@__crt_stdio_output@@YA_N_KDW4length_modifier@0@@Z 1001a698 f i libucrt:output.obj
 0001:000196d8       ??$is_wide_character_specifier@_W@__crt_stdio_output@@YA_N_K_WW4length_modifier@0@@Z 1001a6d8 f i libucrt:output.obj
 0001:00019727       ??$scratch_data@D@formatting_buffer@__crt_stdio_output@@QAEPADXZ 1001a727 f i libucrt:output.obj
 0001:00019745       ??$type_case_integer_parse_into_buffer@I@?$output_processor@_WV?$stream_output_adapter@_W@__crt_stdio_output@@V?$standard_base@_WV?$stream_output_adapter@_W@__crt_stdio_output@@@2@@__crt_stdio_output@@AAEXII_N@Z 1001a745 f i libucrt:output.obj
 0001:00019745       ??$type_case_integer_parse_into_buffer@I@?$output_processor@DV?$string_output_adapter@D@__crt_stdio_output@@V?$standard_base@DV?$string_output_adapter@D@__crt_stdio_output@@@2@@__crt_stdio_output@@AAEXII_N@Z 1001a745 f i libucrt:output.obj
 0001:00019745       ??$type_case_integer_parse_into_buffer@I@?$output_processor@_WV?$string_output_adapter@_W@__crt_stdio_output@@V?$standard_base@_WV?$string_output_adapter@_W@__crt_stdio_output@@@2@@__crt_stdio_output@@AAEXII_N@Z 1001a745 f i libucrt:output.obj
 0001:000197ba       ??$type_case_integer_parse_into_buffer@_K@?$output_processor@_WV?$stream_output_adapter@_W@__crt_stdio_output@@V?$standard_base@_WV?$stream_output_adapter@_W@__crt_stdio_output@@@2@@__crt_stdio_output@@AAEX_KI_N@Z 1001a7ba f i libucrt:output.obj
 0001:000197ba       ??$type_case_integer_parse_into_buffer@_K@?$output_processor@_WV?$string_output_adapter@_W@__crt_stdio_output@@V?$standard_base@_WV?$string_output_adapter@_W@__crt_stdio_output@@@2@@__crt_stdio_output@@AAEX_KI_N@Z 1001a7ba f i libucrt:output.obj
 0001:000197ba       ??$type_case_integer_parse_into_buffer@_K@?$output_processor@DV?$string_output_adapter@D@__crt_stdio_output@@V?$standard_base@DV?$string_output_adapter@D@__crt_stdio_output@@@2@@__crt_stdio_output@@AAEX_KI_N@Z 1001a7ba f i libucrt:output.obj
 0001:00019842       ??$write_multiple_characters@V?$stream_output_adapter@_W@__crt_stdio_output@@D@__crt_stdio_output@@YAXABV?$stream_output_adapter@_W@0@DHQAH@Z 1001a842 f i libucrt:output.obj
 0001:00019873       ??$write_multiple_characters@V?$string_output_adapter@D@__crt_stdio_output@@D@__crt_stdio_output@@YAXABV?$string_output_adapter@D@0@DHQAH@Z 1001a873 f i libucrt:output.obj
 0001:0001989f       ??$write_multiple_characters@V?$string_output_adapter@_W@__crt_stdio_output@@D@__crt_stdio_output@@YAXABV?$string_output_adapter@_W@0@DHQAH@Z 1001a89f f i libucrt:output.obj
 0001:000198d0       ??0?$common_data@D@__crt_stdio_output@@IAE@XZ 1001a8d0 f i libucrt:output.obj
 0001:00019917       ??0?$common_data@_W@__crt_stdio_output@@IAE@XZ 1001a917 f i libucrt:output.obj
 0001:00019963       ??0?$output_adapter_data@DV?$string_output_adapter@D@__crt_stdio_output@@@__crt_stdio_output@@IAE@ABV?$string_output_adapter@D@1@_KQBDQAU__crt_locale_pointers@@QAD@Z 1001a963 f i libucrt:output.obj
 0001:0001999f       ??0?$output_adapter_data@_WV?$stream_output_adapter@_W@__crt_stdio_output@@@__crt_stdio_output@@IAE@ABV?$stream_output_adapter@_W@1@_KQB_WQAU__crt_locale_pointers@@QAD@Z 1001a99f f i libucrt:output.obj
 0001:0001999f       ??0?$output_adapter_data@_WV?$string_output_adapter@_W@__crt_stdio_output@@@__crt_stdio_output@@IAE@ABV?$string_output_adapter@_W@1@_KQB_WQAU__crt_locale_pointers@@QAD@Z 1001a99f f i libucrt:output.obj
 0001:000199db       ??0?$output_processor@DV?$string_output_adapter@D@__crt_stdio_output@@V?$standard_base@DV?$string_output_adapter@D@__crt_stdio_output@@@2@@__crt_stdio_output@@QAE@ABV?$string_output_adapter@D@1@_KQBDQAU__crt_locale_pointers@@QAD@Z 1001a9db f i libucrt:output.obj
 0001:00019a10       ??0?$output_processor@_WV?$stream_output_adapter@_W@__crt_stdio_output@@V?$standard_base@_WV?$stream_output_adapter@_W@__crt_stdio_output@@@2@@__crt_stdio_output@@QAE@ABV?$stream_output_adapter@_W@1@_KQB_WQAU__crt_locale_pointers@@QAD@Z 1001aa10 f i libucrt:output.obj
 0001:00019a10       ??0?$output_processor@_WV?$string_output_adapter@_W@__crt_stdio_output@@V?$standard_base@_WV?$string_output_adapter@_W@__crt_stdio_output@@@2@@__crt_stdio_output@@QAE@ABV?$string_output_adapter@_W@1@_KQB_WQAU__crt_locale_pointers@@QAD@Z 1001aa10 f i libucrt:output.obj
 0001:00019a45       ??0_LocaleUpdate@@QAE@QAU__crt_locale_pointers@@@Z 1001aa45 f i libucrt:output.obj
 0001:00019ac8       ??1formatting_buffer@__crt_stdio_output@@QAE@XZ 1001aac8 f i libucrt:output.obj
 0001:00019ae2       ??4?$__crt_unique_heap_ptr@DU__crt_internal_free_policy@@@@QAEAAV0@$$QAV0@@Z 1001aae2 f i libucrt:output.obj
 0001:00019bc3       ?crop_zeroes@__crt_stdio_output@@YAXPADQAU__crt_locale_pointers@@@Z 1001abc3 f i libucrt:output.obj
 0001:00019c1a       ?find_next_state@?$output_processor@DV?$string_output_adapter@D@__crt_stdio_output@@V?$standard_base@DV?$string_output_adapter@D@__crt_stdio_output@@@2@@__crt_stdio_output@@ABE?AW4state@2@DW432@@Z 1001ac1a f i libucrt:output.obj
 0001:00019c4c       ?find_next_state@?$output_processor@_WV?$string_output_adapter@_W@__crt_stdio_output@@V?$standard_base@_WV?$string_output_adapter@_W@__crt_stdio_output@@@2@@__crt_stdio_output@@ABE?AW4state@2@_WW432@@Z 1001ac4c f i libucrt:output.obj
 0001:00019c4c       ?find_next_state@?$output_processor@_WV?$stream_output_adapter@_W@__crt_stdio_output@@V?$standard_base@_WV?$stream_output_adapter@_W@__crt_stdio_output@@@2@@__crt_stdio_output@@ABE?AW4state@2@_WW432@@Z 1001ac4c f i libucrt:output.obj
 0001:00019c80       ?force_decimal_point@__crt_stdio_output@@YAXPADQAU__crt_locale_pointers@@@Z 1001ac80 f i libucrt:output.obj
 0001:00019cdc       ?parse_int_from_format_string@?$output_processor@DV?$string_output_adapter@D@__crt_stdio_output@@V?$standard_base@DV?$string_output_adapter@D@__crt_stdio_output@@@2@@__crt_stdio_output@@AAE_NQAH@Z 1001acdc f i libucrt:output.obj
 0001:00019d38       ?parse_int_from_format_string@?$output_processor@_WV?$stream_output_adapter@_W@__crt_stdio_output@@V?$standard_base@_WV?$stream_output_adapter@_W@__crt_stdio_output@@@2@@__crt_stdio_output@@AAE_NQAH@Z 1001ad38 f i libucrt:output.obj
 0001:00019d38       ?parse_int_from_format_string@?$output_processor@_WV?$string_output_adapter@_W@__crt_stdio_output@@V?$standard_base@_WV?$string_output_adapter@_W@__crt_stdio_output@@@2@@__crt_stdio_output@@AAE_NQAH@Z 1001ad38 f i libucrt:output.obj
 0001:00019d96       ?process@?$output_processor@DV?$string_output_adapter@D@__crt_stdio_output@@V?$standard_base@DV?$string_output_adapter@D@__crt_stdio_output@@@2@@__crt_stdio_output@@QAEHXZ 1001ad96 f i libucrt:output.obj
 0001:00019eb2       ?process@?$output_processor@_WV?$stream_output_adapter@_W@__crt_stdio_output@@V?$standard_base@_WV?$stream_output_adapter@_W@__crt_stdio_output@@@2@@__crt_stdio_output@@QAEHXZ 1001aeb2 f i libucrt:output.obj
 0001:00019fd2       ?process@?$output_processor@_WV?$string_output_adapter@_W@__crt_stdio_output@@V?$standard_base@_WV?$string_output_adapter@_W@__crt_stdio_output@@@2@@__crt_stdio_output@@QAEHXZ 1001afd2 f i libucrt:output.obj
 0001:0001a0f2       ?state_case_flag@?$output_processor@DV?$string_output_adapter@D@__crt_stdio_output@@V?$standard_base@DV?$string_output_adapter@D@__crt_stdio_output@@@2@@__crt_stdio_output@@AAE_NXZ 1001b0f2 f i libucrt:output.obj
 0001:0001a12f       ?state_case_flag@?$output_processor@_WV?$string_output_adapter@_W@__crt_stdio_output@@V?$standard_base@_WV?$string_output_adapter@_W@__crt_stdio_output@@@2@@__crt_stdio_output@@AAE_NXZ 1001b12f f i libucrt:output.obj
 0001:0001a12f       ?state_case_flag@?$output_processor@_WV?$stream_output_adapter@_W@__crt_stdio_output@@V?$standard_base@_WV?$stream_output_adapter@_W@__crt_stdio_output@@@2@@__crt_stdio_output@@AAE_NXZ 1001b12f f i libucrt:output.obj
 0001:0001a16c       ?state_case_normal@?$output_processor@DV?$string_output_adapter@D@__crt_stdio_output@@V?$standard_base@DV?$string_output_adapter@D@__crt_stdio_output@@@2@@__crt_stdio_output@@AAE_NXZ 1001b16c f i libucrt:output.obj
 0001:0001a18b       ?state_case_normal@?$output_processor@_WV?$stream_output_adapter@_W@__crt_stdio_output@@V?$standard_base@_WV?$stream_output_adapter@_W@__crt_stdio_output@@@2@@__crt_stdio_output@@AAE_NXZ 1001b18b f i libucrt:output.obj
 0001:0001a1aa       ?state_case_normal@?$output_processor@_WV?$string_output_adapter@_W@__crt_stdio_output@@V?$standard_base@_WV?$string_output_adapter@_W@__crt_stdio_output@@@2@@__crt_stdio_output@@AAE_NXZ 1001b1aa f i libucrt:output.obj
 0001:0001a1c9       ?state_case_normal_common@?$output_processor@DV?$string_output_adapter@D@__crt_stdio_output@@V?$standard_base@DV?$string_output_adapter@D@__crt_stdio_output@@@2@@__crt_stdio_output@@AAE_NXZ 1001b1c9 f i libucrt:output.obj
 0001:0001a1f3       ?state_case_normal_common@?$output_processor@_WV?$stream_output_adapter@_W@__crt_stdio_output@@V?$standard_base@_WV?$stream_output_adapter@_W@__crt_stdio_output@@@2@@__crt_stdio_output@@AAE_NXZ 1001b1f3 f i libucrt:output.obj
 0001:0001a20e       ?state_case_normal_common@?$output_processor@_WV?$string_output_adapter@_W@__crt_stdio_output@@V?$standard_base@_WV?$string_output_adapter@_W@__crt_stdio_output@@@2@@__crt_stdio_output@@AAE_NXZ 1001b20e f i libucrt:output.obj
 0001:0001a229       ?state_case_normal_tchar@?$output_processor@DV?$string_output_adapter@D@__crt_stdio_output@@V?$standard_base@DV?$string_output_adapter@D@__crt_stdio_output@@@2@@__crt_stdio_output@@AAE_ND@Z 1001b229 f i libucrt:output.obj
 0001:0001a28a       ?state_case_precision@?$output_processor@DV?$string_output_adapter@D@__crt_stdio_output@@V?$standard_base@DV?$string_output_adapter@D@__crt_stdio_output@@@2@@__crt_stdio_output@@AAE_NXZ 1001b28a f i libucrt:output.obj
 0001:0001a2b2       ?state_case_precision@?$output_processor@_WV?$string_output_adapter@_W@__crt_stdio_output@@V?$standard_base@_WV?$string_output_adapter@_W@__crt_stdio_output@@@2@@__crt_stdio_output@@AAE_NXZ 1001b2b2 f i libucrt:output.obj
[...]
 0002:00011d40       __sehtable$?CallCatchBlock@@YAPAXPAUEHExceptionRecord@@PAUEHRegistrationNode@@PAU_CONTEXT@@PBU_s_FuncInfo@@PAXHK@Z 10041d40     libvcruntime:frame.obj
 0002:00011d68       __sehtable$___BuildCatchObject 10041d68     libvcruntime:frame.obj
 0002:00011d88       __sehtable$___DestructExceptionObject 10041d88     libvcruntime:frame.obj
 0002:00011da4       __catchsym$?CallUnexpected@@YAXPBU_s_ESTypeList@@@Z$2 10041da4     libvcruntime:frame.obj
 0002:00011db4       __unwindtable$?CallUnexpected@@YAXPBU_s_ESTypeList@@@Z 10041db4     libvcruntime:frame.obj
 0002:00011dc4       __tryblocktable$?CallUnexpected@@YAXPBU_s_ESTypeList@@@Z 10041dc4     libvcruntime:frame.obj
 0002:00011dd8       __ehfuncinfo$?CallUnexpected@@YAXPBU_s_ESTypeList@@@Z 10041dd8     libvcruntime:frame.obj
 0002:00011e00       __sehtable$___BuildCatchObjectHelper 10041e00     libvcruntime:frame.obj
 0002:00011e58       __sehtable$__rt_probe_read4@4 10041e58     libvcruntime:_sehsupp_.obj
 0002:00011e78       __sehtable$??$?RV<lambda_ab9923ffb5d694ec0d78876dd103e44f>@@AAV<lambda_481dd5778c961fbcd3b60b650e9b9dc4>@@V<lambda_7923d86c9e3f319b415918ec4b39749c>@@@?$__crt_seh_guarded_call@H@@QAEH$$QAV<lambda_ab9923ffb5d694ec0d78876dd103e44f>@@AAV<lambda_481dd5778c961fbcd3b60b650e9b9dc4>@@$$QAV<lambda_7923d86c9e3f319b415918ec4b39749c>@@@Z 10041e78     libucrt:output.obj
 0002:00011e98       __sehtable$??$common_ftell@J@@YAJV__crt_stdio_stream@@@Z 10041e98     libucrt:ftell.obj
 0002:00011eb8       __sehtable$??$common_fsopen@D@@YAPAU_iobuf@@QBD0H@Z 10041eb8     libucrt:fopen.obj
 0002:00011ed8       __sehtable$_fclose         10041ed8     libucrt:fclose.obj
 0002:00011ef8       __sehtable$?common_fseek@@YAHV__crt_stdio_stream@@_JH@Z 10041ef8     libucrt:fseek.obj
 0002:00011f18       __sehtable$_fread_s        10041f18     libucrt:fread.obj
 0002:00011f38       __sehtable$__query_new_handler 10041f38     libucrt:new_handler.obj
 0002:00011f58       __sehtable$?common_exit@@YAXHW4_crt_exit_cleanup_mode@@W4_crt_exit_return_mode@@@Z 10041f58     libucrt:exit.obj
 0002:00011f80       __sehtable$??$?RV<lambda_800076c951b434888f4765a74a194fcc>@@AAV<lambda_4e60a939b0d047cfe11ddc22648dfba9>@@V<lambda_6dbb1268764f43b569ce7b67e331d33a>@@@?$__crt_seh_guarded_call@H@@QAEH$$QAV<lambda_800076c951b434888f4765a74a194fcc>@@AAV<lambda_4e60a939b0d047cfe11ddc22648dfba9>@@$$QAV<lambda_6dbb1268764f43b569ce7b67e331d33a>@@@Z 10041f80     libucrt:onexit.obj
 0002:00011fa0       __sehtable$??$?RV<lambda_995298e7d72eb4c2aab26c0585b3abe5>@@AAV<lambda_275893d493268fdec8709772e3fcec0e>@@V<lambda_293819299cbf9a7022e18b56a874bb5c>@@@?$__crt_seh_guarded_call@H@@QAEH$$QAV<lambda_995298e7d72eb4c2aab26c0585b3abe5>@@AAV<lambda_275893d493268fdec8709772e3fcec0e>@@$$QAV<lambda_293819299cbf9a7022e18b56a874bb5c>@@@Z 10041fa0     libucrt:onexit.obj
 0002:00011fc0       __sehtable$_terminate      10041fc0     libucrt:terminate.obj
 0002:00011fe0       __sehtable$_raise          10041fe0     libucrt:signal.obj
 0002:00012000       __sehtable$??$?RV<lambda_a048d3beccc847880fc8490e18b82769>@@AAV<lambda_ec61778202f4f5fc7e7711acc23c3bca>@@V<lambda_f7496a158712204296dd6628a163878e>@@@?$__crt_seh_guarded_call@P6AXH@Z@@QAEP6AXH@Z$$QAV<lambda_a048d3beccc847880fc8490e18b82769>@@AAV<lambda_ec61778202f4f5fc7e7711acc23c3bca>@@$$QAV<lambda_f7496a158712204296dd6628a163878e>@@@Z 10042000     libucrt:signal.obj
 0002:00012020       __sehtable$??$?RV<lambda_9df27f884b057bc3edfc946cb5b7cf47>@@AAV<lambda_e69574bed617af4e071282c136b37893>@@V<lambda_cc0d902bcbbeb830f749456577db4721>@@@?$__crt_seh_guarded_call@X@@QAEX$$QAV<lambda_9df27f884b057bc3edfc946cb5b7cf47>@@AAV<lambda_e69574bed617af4e071282c136b37893>@@$$QAV<lambda_cc0d902bcbbeb830f749456577db4721>@@@Z 10042020     libucrt:per_thread_data.obj
 0002:00012040       __sehtable$??$?RV<lambda_3518db117f0e7cdb002338c5d3c47b6c>@@AAV<lambda_b2ea41f6bbb362cd97d94c6828d90b61>@@V<lambda_abdedf541bb04549bc734292b4a045d4>@@@?$__crt_seh_guarded_call@X@@QAEX$$QAV<lambda_3518db117f0e7cdb002338c5d3c47b6c>@@AAV<lambda_b2ea41f6bbb362cd97d94c6828d90b61>@@$$QAV<lambda_abdedf541bb04549bc734292b4a045d4>@@@Z 10042040     libucrt:per_thread_data.obj
 0002:00012060       __sehtable$??$?RV<lambda_51b6e8b1eb166f2a3faf91f424b38130>@@AAV<lambda_6250bd4b2a391816dd638c3bf72b0bcb>@@V<lambda_0b5a4a3e68152e1d9b943535f5f47bed>@@@?$__crt_seh_guarded_call@X@@QAEX$$QAV<lambda_51b6e8b1eb166f2a3faf91f424b38130>@@AAV<lambda_6250bd4b2a391816dd638c3bf72b0bcb>@@$$QAV<lambda_0b5a4a3e68152e1d9b943535f5f47bed>@@@Z 10042060     libucrt:per_thread_data.obj
 0002:00012080       __sehtable$??$?RV<lambda_5b71d36f03204c0beab531769a5b5694>@@AAV<lambda_be2b3da3f62db62e9dad5dc70221a656>@@V<lambda_8f9ce462984622f9bf76b59e2aaaf805>@@@?$__crt_seh_guarded_call@X@@QAEX$$QAV<lambda_5b71d36f03204c0beab531769a5b5694>@@AAV<lambda_be2b3da3f62db62e9dad5dc70221a656>@@$$QAV<lambda_8f9ce462984622f9bf76b59e2aaaf805>@@@Z 10042080     libucrt:per_thread_data.obj
 0002:000120a0       __sehtable$_fflush         100420a0     libucrt:fflush.obj
 0002:000120c0       __sehtable$_common_flush_all 100420c0     libucrt:fflush.obj
 0002:000120e8       __sehtable$??$?RV<lambda_d92cfe8357b99225085016881b624cb0>@@AAV<lambda_b721fa326cdb32351d23dfa67958c160>@@V<lambda_42d75b0848218ec137fa420c8ba9fdf9>@@@?$__crt_seh_guarded_call@H@@QAEH$$QAV<lambda_d92cfe8357b99225085016881b624cb0>@@AAV<lambda_b721fa326cdb32351d23dfa67958c160>@@$$QAV<lambda_42d75b0848218ec137fa420c8ba9fdf9>@@@Z 100420e8     libucrt:setvbuf.obj
 0002:00012108       __sehtable$__fcloseall     10042108     libucrt:closeall.obj
 0002:00012128       __sehtable$___acrt_initialize_lowio 10042128     libucrt:ioinit.obj
 0002:00012148       __sehtable$___acrt_uninitialize_locale 10042148     libucrt:wsetlocale.obj
 0002:00012168       __sehtable$??$common_lseek@_J@@YA_JH_JH@Z 10042168     libucrt:lseek.obj
 0002:00012188       __sehtable$__read          10042188     libucrt:read.obj
 0002:000121a8       __sehtable$?__acrt_stdio_allocate_stream@@YA?AV__crt_stdio_stream@@XZ 100421a8     libucrt:stream.obj
 0002:000121c8       __sehtable$??$?RV<lambda_123407a5e2ac06da108355a851863b7a>@@AAV<lambda_2fe9b910cf3cbf4a0ab98a02ba45b3ec>@@V<lambda_ae55bdf541ad94d75914d381c370e64d>@@@?$__crt_seh_guarded_call@H@@QAEH$$QAV<lambda_123407a5e2ac06da108355a851863b7a>@@AAV<lambda_2fe9b910cf3cbf4a0ab98a02ba45b3ec>@@$$QAV<lambda_ae55bdf541ad94d75914d381c370e64d>@@@Z 100421c8     libucrt:close.obj
 0002:000121e8       __sehtable$___acrt_update_thread_multibyte_data 100421e8     libucrt:mbctype.obj
 0002:00012208       __sehtable$??$?RV<lambda_978dc153c237d78434369da87b74ff60>@@AAV<lambda_ad1ced32f4ac17aa236e5ef05d6b3b7c>@@V<lambda_4a8533e2866a575feecb8298ce776b0d>@@@?$__crt_seh_guarded_call@X@@QAEX$$QAV<lambda_978dc153c237d78434369da87b74ff60>@@AAV<lambda_ad1ced32f4ac17aa236e5ef05d6b3b7c>@@$$QAV<lambda_4a8533e2866a575feecb8298ce776b0d>@@@Z 10042208     libucrt:mbctype.obj
 0002:00012228       __sehtable$___acrt_update_thread_locale_data 10042228     libucrt:locale_refcounting.obj
 0002:00012248       __sehtable$??$?RV<lambda_61cee617f5178ae960314fd4d05640a0>@@AAV<lambda_6978c1fb23f02e42e1d9e99668cc68aa>@@V<lambda_9cd88cf8ad10232537feb2133f08c833>@@@?$__crt_seh_guarded_call@H@@QAEH$$QAV<lambda_61cee617f5178ae960314fd4d05640a0>@@AAV<lambda_6978c1fb23f02e42e1d9e99668cc68aa>@@$$QAV<lambda_9cd88cf8ad10232537feb2133f08c833>@@@Z 10042248     libucrt:commit.obj
 0002:00012268       __sehtable$__write         10042268     libucrt:write.obj
 0002:00012288       __sehtable$__alloc_osfhnd  10042288     libucrt:osfinfo.obj
 0002:000122a8       __sehtable$___acrt_lowio_ensure_fh_exists 100422a8     libucrt:osfinfo.obj
 0002:000122c8       __sehtable$??$common_sopen_dispatch@D@@YAHQBDHHHQAHH@Z 100422c8     libucrt:open.obj
 0002:000122e8       __sehtable$__IsNonwritableInCurrentImage 100422e8     LIBCMT:pesect.obj
 0002:00013ff0       .edata                     10043ff0     canvas.exp
 0002:00014018       rgpv                       10044018     canvas.exp
 0002:0001401c       rgszName                   1004401c     canvas.exp
 0002:00014020       rgwOrd                     10044020     canvas.exp
 0002:00014022       szName                     10044022     canvas.exp
 0002:0001402e       $N00001                    1004402e     canvas.exp
 0002:000145b0       .idata$6                   100445b0     kernel32:KERNEL32.dll
 0002:000145d4       .idata$6                   100445d4     gdi32:GDI32.dll
 0002:00014f72       .idata$6                   10044f72     cairo:libcairo-2.dll
 0002:0001514c       .idata$6                   1004514c     libpng:libpng14-14.dll
 0002:000151ec       .idata$6                   100451ec     pangocairo-1.0:libpangocairo-1.0-0.dll
 0002:0001555c       .idata$6                   1004555c     pango-1.0:libpango-1.0-0.dll
 0002:000155f8       .idata$6                   100455f8     freetype:freetype6.dll
 0002:00015758       .idata$6                   10045758     glib-2.0:libglib-2.0-0.dll
 0002:0001577c       .idata$6                   1004577c     gobject-2.0:libgobject-2.0-0.dll
 0002:00015792       .idata$6                   10045792     jpeg:jpeg62.dll
 0003:00000000       ?init@std@@3JA             10046000     libcpmt:xlock.obj
 0003:00000008       ?atcount_cdecl@@3IA        10046008     libcpmt:iosptrs.obj
 0003:00000090       ?__vcrt_flsindex@@3KA      10046090     libvcruntime:per_thread_data.obj
 0003:00000164       _errno_no_memory           10046164     libucrt:errno.obj
 0003:00000168       _doserrno_no_memory        10046168     libucrt:errno.obj
 0003:000001d0       ___acrt_flsindex           100461d0     libucrt:per_thread_data.obj
 0003:000003e0       _tzstd_program             100463e0     libucrt:timeset.obj
 0003:00000420       _tzdst_program             10046420     libucrt:timeset.obj
 0003:00000460       _tzname_states             10046460     libucrt:timeset.obj
 0003:00000468       ___rgctypeflag             10046468     libucrt:mbctype.obj
 0003:00000470       ___rgcode_page_info        10046470     libucrt:mbctype.obj
 0003:000009a0       __module                   100469a0     init.obj
 0003:00000c68       ?initlocks@std@@3V_Init_locks@1@A 10046c68     libcpmt:xlock.obj
 0003:00000c70       ?mtx@std@@3PAU_RTL_CRITICAL_SECTION@@A 10046c70     libcpmt:xlock.obj
 0003:00000d38       _global_locale             10046d38     libcpmt:locale0.obj
 0003:00000d3c       ?_Fac_head@std@@3PAU_Fac_node@1@A 10046d3c     libcpmt:locale0.obj
 0003:00000d54       ?classic_locale@std@@3Vlocale@1@A 10046d54     libcpmt:locale0.obj
 0003:00000d5c       ?_Fac_tidy_reg@std@@3U_Fac_tidy_reg_t@1@B 10046d5c     libcpmt:locale0.obj
 0003:00000d64       ?stdstr@std@@3PAPAVios_base@1@A 10046d64     libcpmt:ios.obj
 0003:00000d8c       ?stdopens@std@@3PADA       10046d8c     libcpmt:ios.obj
 0003:00000dbc       ?atfuns_cdecl@@3PAP6AXXZA  10046dbc     libcpmt:iosptrs.obj
 0003:00000de4       ?initlocks@std@@3V_Init_locks@1@A 10046de4     libcpmt:iosptrs.obj
 0003:00000de5       ?init_atexit@@3U_Init_atexit@@A 10046de5     libcpmt:iosptrs.obj
 0003:00000f10       ?_Tss_mutex@@3U_RTL_CRITICAL_SECTION@@A 10046f10     LIBCMT:thread_safe_statics.obj
 0003:00000f28       ?_Tss_cv@@3U_RTL_CONDITION_VARIABLE@@A 10046f28     LIBCMT:thread_safe_statics.obj
 0003:00000f2c       ?_Tss_event@@3PAXA         10046f2c     LIBCMT:thread_safe_statics.obj
 0003:00000f30       ?encoded_sleep_condition_variable_cs@@3P6GHPAU_RTL_CONDITION_VARIABLE@@PAU_RTL_CRITICAL_SECTION@@K@ZA 10046f30     LIBCMT:thread_safe_statics.obj
 0003:00000f34       ?encoded_wake_all_condition_variable@@3P6GXPAU_RTL_CONDITION_VARIABLE@@@ZA 10046f34     LIBCMT:thread_safe_statics.obj
 0003:00000f40       ?module_local_atexit_table@@3U_onexit_table_t@@A 10046f40     LIBCMT:utility.obj
 0003:00000f4c       ?module_local_at_quick_exit_table@@3U_onexit_table_t@@A 10046f4c     LIBCMT:utility.obj
 0003:00000f58       ?is_initialized_as_dll@@3_NA 10046f58     LIBCMT:utility.obj
 0003:00000f5c       ?__proc_attached@@3HA      10046f5c     LIBCMT:dll_dllmain.obj
 0003:00000f60       _GS_ExceptionRecord        10046f60     LIBCMT:gs_report.obj
 0003:00000fb0       _GS_ContextRecord          10046fb0     LIBCMT:gs_report.obj
 0003:000012a4       ?module_handles@@3PAPAUHINSTANCE__@@A 100472a4     libvcruntime:winapi_downlevel.obj
 0003:000012b4       ?encoded_function_pointers@@3PAPAXA 100472b4     libvcruntime:winapi_downlevel.obj
 0003:000012dc       ?__vcrt_startup_thread_ptd@@3U__vcrt_ptd@@A 100472dc     libvcruntime:per_thread_data.obj
 0003:00001304       ___vcrt_lock_table         10047304     libvcruntime:locks.obj
 0003:0000131c       ___vcrt_locks_initialized  1004731c     libvcruntime:locks.obj
 0003:00001348       ?heap@@3V_HeapManager@@A   10047348     libvcruntime:undname.obj
 0003:0000135c       ___acrt_invalid_parameter_handler 1004735c     libucrt:invalid_parameter.obj
 0003:00001370       ___acrt_lock_table         10047370     libucrt:locks.obj
 0003:000014a8       ___acrt_locks_initialized  100474a8     libucrt:locks.obj
 0003:000014b4       ___acrt_new_handler        100474b4     libucrt:new_handler.obj
 0003:000014b8       _c_termination_complete    100474b8     libucrt:exit.obj
 0003:000014bc       _thread_local_exit_callback_func 100474bc     libucrt:exit.obj
 0003:000014c0       ?c_exit_complete@?5??common_exit@@YAXHW4_crt_exit_cleanup_mode@@W4_crt_exit_return_mode@@@Z@4_NA 100474c0     libucrt:exit.obj
 0003:000014c8       ?program_name@?5???$common_configure_argv@D@@YAHW4_crt_argv_mode@@@Z@4PADA 100474c8     libucrt:argv_parsing.obj
 0003:000015f8       _ctrlc_action              100475f8     libucrt:signal.obj
 0003:000015fc       _ctrlbreak_action          100475fc     libucrt:signal.obj
 0003:00001600       _abort_action              10047600     libucrt:signal.obj
 0003:00001604       _term_action               10047604     libucrt:signal.obj
 0003:00001608       ___acrt_app_type           10047608     libucrt:report_runtime_error.obj
 0003:0000160c       ___acrt_error_mode         1004760c     libucrt:set_error_mode.obj
 0003:00001610       _module_handles            10047610     libucrt:winapi_thunks.obj
 0003:00001660       _encoded_function_pointers 10047660     libucrt:winapi_thunks.obj
 0003:000016e0       ?state_cache@?1??__acrt_is_packaged_app@@9@4JA 100476e0     libucrt:winapi_thunks.obj
 0003:000018ec       _enable_percent_n          100478ec     libucrt:printf_count_output.obj
 0003:00001900       ___acrt_global_new_mode    10047900     libucrt:new_mode.obj
 0003:00001918       __tzname                   10047918     libucrt:timeset.obj
 0003:00001920       _tz_api_used               10047920     libucrt:tzset.obj
 0003:00001928       _tz_info                   10047928     libucrt:tzset.obj
 0003:000019ec       _fSystemSet                100479ec     libucrt:mbctype.obj
 0003:000019f0       ?initialized@?1??__acrt_initialize_multibyte@@9@4_NA 100479f0     libucrt:mbctype.obj
 0003:00001a0c       _user_matherr              10047a0c     libucrt:matherr.obj
 0003:00001a14       __pmatherr_set             10047a14     libucrt:libm_error.obj
 0004:00000000       __guard_fids____dcrt_uninitialize_environments_nolock 10048000     libucrt:environment_initialization.obj
 0004:00000008       __guard_fids__             10048008     libucrt:initialization.obj
 0004:00000068       __guard_fids____acrt_initialize_ptd 10048068     libucrt:per_thread_data.obj
 0004:0000006c       __guard_fids_??$common_show_message_box@_W@@YAHQB_W0I@Z 1004806c     libucrt:crtmbox.obj
 0004:00000070       __guard_fids__             10048070     libucrt:stdio_initializer.obj
 0004:00000074       __guard_fids__             10048074     libucrt:stdio_initializer.obj
 0004:00000078       __guard_fids_??$expand_argument_wildcards@D@@YAHQAD0AAV?$argument_list@D@?A0xb0e4b824@@@Z 10048078     libucrt:argv_wildcards.obj
 0004:0000007c       __guard_fids__             1004807c     libucrt:locale_initializer.obj
 0004:00000080       __guard_fids__             10048080     libucrt:sse2_initializer.obj
 0004:00000084       __guard_fids____libm_error_support 10048084     libucrt:libm_error.obj
 0004:00000088       __guard_fids__             10048088     libucrt:timeset_initializer.obj
 0004:0000008c       __guard_fids__             1004808c     libucrt:multibyte_initializer.obj
 0004:00000090       __guard_fids__             10048090     libucrt:console_output_initializer.obj
 0004:00000094       __guard_fids_??__Einitlocks@std@@YAXXZ 10048094     libcpmt:xlock.obj
 0004:00000098       __guard_fids__             10048098     libcpmt:xlock.obj
 0004:0000009c       __guard_fids_??__E_Fac_tidy_reg@std@@YAXXZ 1004809c     libcpmt:locale0.obj
 0004:000000a0       __guard_fids_??__Eclassic_locale@std@@YAXXZ 100480a0     libcpmt:locale0.obj
 0004:000000a4       __guard_fids__             100480a4     libcpmt:locale0.obj
 0004:000000a8       __guard_fids__             100480a8     libcpmt:locale0.obj
 0004:000000ac       __guard_fids__             100480ac     libcpmt:xthrow.obj
 0004:000000b4       __guard_fids__             100480b4     libcpmt:xthrow.obj
 0004:000000bc       __guard_fids__             100480bc     libcpmt:xthrow.obj
 0004:000000c4       __guard_fids__             100480c4     libcpmt:xthrow.obj
 0004:000000cc       __guard_fids__             100480cc     libcpmt:xthrow.obj
 0004:000000d4       __guard_fids__             100480d4     libcpmt:xthrow.obj
 0004:000000d8       __guard_fids__             100480d8     libcpmt:xthrow.obj
 0004:000000dc       __guard_fids__             100480dc     libcpmt:xthrow.obj
 0004:000000e0       __guard_fids__             100480e0     libcpmt:xthrow.obj
 0004:000000e4       __guard_fids__             100480e4     libcpmt:xthrow.obj
 0004:000000e8       __guard_fids__             100480e8     libcpmt:xthrow.obj
 0004:000000ec       __guard_fids__             100480ec     libcpmt:xthrow.obj
 0004:000000f0       __guard_fids__             100480f0     libcpmt:xthrow.obj
 0004:000000f4       __guard_fids_??__Einitlocks@std@@YAXXZ 100480f4     libcpmt:iosptrs.obj
 0004:000000f8       __guard_fids_??__Einit_atexit@@YAXXZ 100480f8     libcpmt:iosptrs.obj
 0004:000000fc       __guard_fids__             100480fc     libcpmt:iosptrs.obj
 0004:00000100       __guard_fids__             10048100     libcpmt:iosptrs.obj
 0004:00000104       __guard_fids__             10048104     libcpmt:winapisupp.obj
 0004:00000108       __guard_fids__             10048108     LIBCMT:thread_safe_statics.obj
 0004:0000010c       __guard_fids_?__scrt_initialize_thread_safe_statics@@YAHXZ 1004810c     LIBCMT:thread_safe_statics.obj
 0004:00000110       __guard_fids_?dllmain_crt_process_attach@@YAHQAUHINSTANCE__@@QAX@Z 10048110     LIBCMT:dll_dllmain.obj
 0004:00000118       __guard_fids_?dllmain_dispatch@@YAHQAUHINSTANCE__@@KQAX@Z 10048118     LIBCMT:dll_dllmain.obj
 0004:0000011c       __guard_fids__             1004811c     LIBCMT:std_type_info_static.obj
 0004:00000120       __guard_fids__             10048120     LIBCMT:throw_bad_alloc.obj
 0004:00000128       __guard_fids__             10048128     LIBCMT:throw_bad_alloc.obj
 0004:0000012c       __guard_fids__             1004812c     LIBCMT:throw_bad_alloc.obj
 0004:00000130       __guard_fids__             10048130     LIBCMT:guard_support.obj
 0004:00000134       __guard_fids__             10048134     libvcruntime:frame.obj
 0004:00000138       __guard_fids__             10048138     libvcruntime:frame.obj
 0004:00000140       __guard_fids__             10048140     libvcruntime:frame.obj
 0004:00000144       __guard_fids__             10048144     libvcruntime:frame.obj
 0004:00000148       __guard_fids____vcrt_initialize_ptd 10048148     libvcruntime:per_thread_data.obj
 0006:00000060       $R000000                   1004a060     * linker generated manifest res *

 Exports

  ordinal    name

        1    __register_canvas_
               exported name: _register_canvas_
